Component: ARM Compiler 5.06 update 6 (build 750) Tool: armlink [4d35ed]

==============================================================================

Section Cross References

    system_stm32f7xx.o(i.SystemCoreClockUpdate) refers to system_stm32f7xx.o(.data) for SystemCoreClock
    system_stm32f7xx.o(i.SystemCoreClockUpdate) refers to system_stm32f7xx.o(.constdata) for AHBPrescTable
    stm32f7xx_hal_hcd.o(i.HAL_HCD_DeInit) refers to usbh_conf.o(i.HAL_HCD_MspDeInit) for HAL_HCD_MspDeInit
    stm32f7xx_hal_hcd.o(i.HAL_HCD_DeInit) refers to stm32f7xx_ll_usb.o(i.USB_DisableGlobalInt) for USB_DisableGlobalInt
    stm32f7xx_hal_hcd.o(i.HAL_HCD_GetCurrentFrame) refers to stm32f7xx_ll_usb.o(i.USB_GetCurrentFrame) for USB_GetCurrentFrame
    stm32f7xx_hal_hcd.o(i.HAL_HCD_GetCurrentSpeed) refers to stm32f7xx_ll_usb.o(i.USB_GetHostSpeed) for USB_GetHostSpeed
    stm32f7xx_hal_hcd.o(i.HAL_HCD_HC_Halt) refers to stm32f7xx_ll_usb.o(i.USB_HC_Halt) for USB_HC_Halt
    stm32f7xx_hal_hcd.o(i.HAL_HCD_HC_Init) refers to stm32f7xx_ll_usb.o(i.USB_HC_Init) for USB_HC_Init
    stm32f7xx_hal_hcd.o(i.HAL_HCD_HC_SubmitRequest) refers to stm32f7xx_ll_usb.o(i.USB_HC_StartXfer) for USB_HC_StartXfer
    stm32f7xx_hal_hcd.o(i.HAL_HCD_IRQHandler) refers to stm32f7xx_ll_usb.o(i.USB_GetMode) for USB_GetMode
    stm32f7xx_hal_hcd.o(i.HAL_HCD_IRQHandler) refers to stm32f7xx_ll_usb.o(i.USB_ReadInterrupts) for USB_ReadInterrupts
    stm32f7xx_hal_hcd.o(i.HAL_HCD_IRQHandler) refers to usbh_conf.o(i.HAL_HCD_Disconnect_Callback) for HAL_HCD_Disconnect_Callback
    stm32f7xx_hal_hcd.o(i.HAL_HCD_IRQHandler) refers to stm32f7xx_ll_usb.o(i.USB_InitFSLSPClkSel) for USB_InitFSLSPClkSel
    stm32f7xx_hal_hcd.o(i.HAL_HCD_IRQHandler) refers to stm32f7xx_hal_hcd.o(i.HCD_Port_IRQHandler) for HCD_Port_IRQHandler
    stm32f7xx_hal_hcd.o(i.HAL_HCD_IRQHandler) refers to usbh_conf.o(i.HAL_HCD_SOF_Callback) for HAL_HCD_SOF_Callback
    stm32f7xx_hal_hcd.o(i.HAL_HCD_IRQHandler) refers to stm32f7xx_ll_usb.o(i.USB_HC_ReadInterrupt) for USB_HC_ReadInterrupt
    stm32f7xx_hal_hcd.o(i.HAL_HCD_IRQHandler) refers to stm32f7xx_hal_hcd.o(i.HCD_HC_IN_IRQHandler) for HCD_HC_IN_IRQHandler
    stm32f7xx_hal_hcd.o(i.HAL_HCD_IRQHandler) refers to stm32f7xx_hal_hcd.o(i.HCD_HC_OUT_IRQHandler) for HCD_HC_OUT_IRQHandler
    stm32f7xx_hal_hcd.o(i.HAL_HCD_IRQHandler) refers to stm32f7xx_hal_hcd.o(i.HCD_RXQLVL_IRQHandler) for HCD_RXQLVL_IRQHandler
    stm32f7xx_hal_hcd.o(i.HAL_HCD_Init) refers to usbh_conf.o(i.HAL_HCD_MspInit) for HAL_HCD_MspInit
    stm32f7xx_hal_hcd.o(i.HAL_HCD_Init) refers to stm32f7xx_ll_usb.o(i.USB_DisableGlobalInt) for USB_DisableGlobalInt
    stm32f7xx_hal_hcd.o(i.HAL_HCD_Init) refers to memcpya.o(.text) for __aeabi_memcpy4
    stm32f7xx_hal_hcd.o(i.HAL_HCD_Init) refers to stm32f7xx_ll_usb.o(i.USB_CoreInit) for USB_CoreInit
    stm32f7xx_hal_hcd.o(i.HAL_HCD_Init) refers to stm32f7xx_ll_usb.o(i.USB_SetCurrentMode) for USB_SetCurrentMode
    stm32f7xx_hal_hcd.o(i.HAL_HCD_Init) refers to stm32f7xx_ll_usb.o(i.USB_HostInit) for USB_HostInit
    stm32f7xx_hal_hcd.o(i.HAL_HCD_ResetPort) refers to stm32f7xx_ll_usb.o(i.USB_ResetPort) for USB_ResetPort
    stm32f7xx_hal_hcd.o(i.HAL_HCD_Start) refers to stm32f7xx_ll_usb.o(i.USB_EnableGlobalInt) for USB_EnableGlobalInt
    stm32f7xx_hal_hcd.o(i.HAL_HCD_Start) refers to stm32f7xx_ll_usb.o(i.USB_DriveVbus) for USB_DriveVbus
    stm32f7xx_hal_hcd.o(i.HAL_HCD_Stop) refers to stm32f7xx_ll_usb.o(i.USB_StopHost) for USB_StopHost
    stm32f7xx_hal_hcd.o(i.HCD_HC_IN_IRQHandler) refers to stm32f7xx_ll_usb.o(i.USB_HC_Halt) for USB_HC_Halt
    stm32f7xx_hal_hcd.o(i.HCD_HC_IN_IRQHandler) refers to usbh_conf.o(i.HAL_HCD_HC_NotifyURBChange_Callback) for HAL_HCD_HC_NotifyURBChange_Callback
    stm32f7xx_hal_hcd.o(i.HCD_HC_OUT_IRQHandler) refers to stm32f7xx_ll_usb.o(i.USB_HC_Halt) for USB_HC_Halt
    stm32f7xx_hal_hcd.o(i.HCD_HC_OUT_IRQHandler) refers to usbh_conf.o(i.HAL_HCD_HC_NotifyURBChange_Callback) for HAL_HCD_HC_NotifyURBChange_Callback
    stm32f7xx_hal_hcd.o(i.HCD_Port_IRQHandler) refers to usbh_conf.o(i.HAL_HCD_Connect_Callback) for HAL_HCD_Connect_Callback
    stm32f7xx_hal_hcd.o(i.HCD_Port_IRQHandler) refers to stm32f7xx_ll_usb.o(i.USB_InitFSLSPClkSel) for USB_InitFSLSPClkSel
    stm32f7xx_hal_hcd.o(i.HCD_Port_IRQHandler) refers to usbh_conf.o(i.HAL_HCD_PortEnabled_Callback) for HAL_HCD_PortEnabled_Callback
    stm32f7xx_hal_hcd.o(i.HCD_Port_IRQHandler) refers to usbh_conf.o(i.HAL_HCD_PortDisabled_Callback) for HAL_HCD_PortDisabled_Callback
    stm32f7xx_hal_hcd.o(i.HCD_RXQLVL_IRQHandler) refers to stm32f7xx_ll_usb.o(i.USB_ReadPacket) for USB_ReadPacket
    stm32f7xx_ll_usb.o(i.USB_CoreInit) refers to stm32f7xx_ll_usb.o(i.USB_CoreReset) for USB_CoreReset
    stm32f7xx_ll_usb.o(i.USB_DevConnect) refers to stm32f7xx_hal.o(i.HAL_Delay) for HAL_Delay
    stm32f7xx_ll_usb.o(i.USB_DevDisconnect) refers to stm32f7xx_hal.o(i.HAL_Delay) for HAL_Delay
[...]
    i.USBH_LL_PortEnabled                    0x08003d4e   Section        0  usbh_core.o(i.USBH_LL_PortEnabled)
    i.USBH_LL_Start                          0x08003d56   Section        0  usbh_conf.o(i.USBH_LL_Start)
    i.USBH_LL_Stop                           0x08003d92   Section        0  usbh_conf.o(i.USBH_LL_Stop)
    i.USB_DisableGlobalInt                   0x08003dce   Section        0  stm32f7xx_ll_usb.o(i.USB_DisableGlobalInt)
    i.USB_DriveVbus                          0x08003ddc   Section        0  stm32f7xx_ll_usb.o(i.USB_DriveVbus)
    i.USB_EnableGlobalInt                    0x08003e26   Section        0  stm32f7xx_ll_usb.o(i.USB_EnableGlobalInt)
    i.USB_FlushRxFifo                        0x08003e34   Section        0  stm32f7xx_ll_usb.o(i.USB_FlushRxFifo)
    i.USB_FlushTxFifo                        0x08003e60   Section        0  stm32f7xx_ll_usb.o(i.USB_FlushTxFifo)
    i.USB_GetMode                            0x08003e90   Section        0  stm32f7xx_ll_usb.o(i.USB_GetMode)
    i.USB_HC_Halt                            0x08003e9a   Section        0  stm32f7xx_ll_usb.o(i.USB_HC_Halt)
    i.USB_HC_ReadInterrupt                   0x08004010   Section        0  stm32f7xx_ll_usb.o(i.USB_HC_ReadInterrupt)
    i.USB_InitFSLSPClkSel                    0x0800401e   Section        0  stm32f7xx_ll_usb.o(i.USB_InitFSLSPClkSel)
    i.USB_ReadInterrupts                     0x08004062   Section        0  stm32f7xx_ll_usb.o(i.USB_ReadInterrupts)
    i.USB_ReadPacket                         0x0800406c   Section        0  stm32f7xx_ll_usb.o(i.USB_ReadPacket)
    i.USB_StopHost                           0x0800408e   Section        0  stm32f7xx_ll_usb.o(i.USB_StopHost)
    i.UsageFault_Handler                     0x08004142   Section        0  stm32f7xx_it.o(i.UsageFault_Handler)
    i._Error_Handler                         0x08004146   Section        0  main.o(i._Error_Handler)
    i.__scatterload_copy                     0x0800414a   Section       14  handlers.o(i.__scatterload_copy)
    i.__scatterload_null                     0x08004158   Section        2  handlers.o(i.__scatterload_null)
    i.__scatterload_zeroinit                 0x0800415a   Section       14  handlers.o(i.__scatterload_zeroinit)
    i.inHandlerMode                          0x08004168   Section        0  cmsis_os.o(i.inHandlerMode)
    inHandlerMode                            0x08004169   Thumb Code    16  cmsis_os.o(i.inHandlerMode)
    i.libMetalDetector_GetDetectorState      0x08004178   Section        0  libmetaldetector.o(i.libMetalDetector_GetDetectorState)
    i.libMetalDetector_Median_Filter         0x0800422c   Section        0  libmetaldetector.o(i.libMetalDetector_Median_Filter)
    i.libMetalDetector_Moving_Average        0x08004280   Section        0  libmetaldetector.o(i.libMetalDetector_Moving_Average)
    i.libMetalDetector_Sort_Median_Values    0x080042ca   Section        0  libmetaldetector.o(i.libMetalDetector_Sort_Median_Values)
    libMetalDetector_Sort_Median_Values      0x080042cb   Thumb Code    56  libmetaldetector.o(i.libMetalDetector_Sort_Median_Values)
    i.libMetalDetector_UpdateUpdownCounter   0x08004302   Section        0  libmetaldetector.o(i.libMetalDetector_UpdateUpdownCounter)
    libMetalDetector_UpdateUpdownCounter     0x08004303   Thumb Code   154  libmetaldetector.o(i.libMetalDetector_UpdateUpdownCounter)
    i.main                                   0x0800439c   Section        0  main.o(i.main)
    i.makeFreeRtosPriority                   0x08004420   Section        0  cmsis_os.o(i.makeFreeRtosPriority)
    makeFreeRtosPriority                     0x08004421   Thumb Code    14  cmsis_os.o(i.makeFreeRtosPriority)
    i.modCalib_CalculateCalibrationData      0x0800442e   Section        0  modcalib.o(i.modCalib_CalculateCalibrationData)
    modCalib_CalculateCalibrationData        0x0800442f   Thumb Code     8  modcalib.o(i.modCalib_CalculateCalibrationData)
    i.modCalib_CalibrationModeSelectTask     0x08004438   Section        0  modcalib.o(i.modCalib_CalibrationModeSelectTask)
    modCalib_CalibrationModeSelectTask       0x08004439   Thumb Code    52  modcalib.o(i.modCalib_CalibrationModeSelectTask)
    i.modCalib_CalibrationTask               0x08004470   Section        0  modcalib.o(i.modCalib_CalibrationTask)
    i.modCalib_CheckDataValidity             0x080044c4   Section        0  modcalib.o(i.modCalib_CheckDataValidity)
    modCalib_CheckDataValidity               0x080044c5   Thumb Code    84  modcalib.o(i.modCalib_CheckDataValidity)
    i.modCalib_Check_DetectedTickTimeout     0x0800451c   Section        0  modcalib.o(i.modCalib_Check_DetectedTickTimeout)
    modCalib_Check_DetectedTickTimeout       0x0800451d   Thumb Code    98  modcalib.o(i.modCalib_Check_DetectedTickTimeout)
    i.modCalib_Check_FlickerTickTimeout      0x0800458c   Section        0  modcalib.o(i.modCalib_Check_FlickerTickTimeout)
    modCalib_Check_FlickerTickTimeout        0x0800458d   Thumb Code   182  modcalib.o(i.modCalib_Check_FlickerTickTimeout)
    i.modCalib_GetAutoCalibrationTrigger     0x08004650   Section        0  modcalib.o(i.modCalib_GetAutoCalibrationTrigger)
    modCalib_GetAutoCalibrationTrigger       0x08004651   Thumb Code    28  modcalib.o(i.modCalib_GetAutoCalibrationTrigger)
    i.modCalib_GetCalibrationSamples         0x08004670   Section        0  modcalib.o(i.modCalib_GetCalibrationSamples)
    modCalib_GetCalibrationSamples           0x08004671   Thumb Code    42  modcalib.o(i.modCalib_GetCalibrationSamples)
    i.modCalib_GetTrigger                    0x080046a0   Section        0  modcalib.o(i.modCalib_GetTrigger)
    modCalib_GetTrigger                      0x080046a1   Thumb Code     8  modcalib.o(i.modCalib_GetTrigger)
    i.modCalib_Get_Mean_Min_Max              0x080046a8   Section        0  modcalib.o(i.modCalib_Get_Mean_Min_Max)
    modCalib_Get_Mean_Min_Max                0x080046a9   Thumb Code   220  modcalib.o(i.modCalib_Get_Mean_Min_Max)
    i.modCalib_HandleCalibrationLedTask      0x0800478c   Section        0  modcalib.o(i.modCalib_HandleCalibrationLedTask)
    modCalib_HandleCalibrationLedTask        0x0800478d   Thumb Code    38  modcalib.o(i.modCalib_HandleCalibrationLedTask)
    i.modCalib_Init                          0x080047b4   Section        0  modcalib.o(i.modCalib_Init)
    i.modCalib_MedianFilter                  0x08004804   Section        0  modcalib.o(i.modCalib_MedianFilter)
    modCalib_MedianFilter                    0x08004805   Thumb Code    18  modcalib.o(i.modCalib_MedianFilter)
    i.modCalib_StoreCalibrationData          0x0800481c   Section        0  modcalib.o(i.modCalib_StoreCalibrationData)
    modCalib_StoreCalibrationData            0x0800481d   Thumb Code     2  modcalib.o(i.modCalib_StoreCalibrationData)
    i.modConfig_Init                         0x0800481e   Section        0  modconfig.o(i.modConfig_Init)
    i.modSysMon_CheckForStateChange          0x08004860   Section        0  modsysmon.o(i.modSysMon_CheckForStateChange)
    modSysMon_CheckForStateChange            0x08004861   Thumb Code    18  modsysmon.o(i.modSysMon_CheckForStateChange)
    i.modSysMon_DetectForIntensity           0x08004878   Section        0  modsysmon.o(i.modSysMon_DetectForIntensity)
    modSysMon_DetectForIntensity             0x08004879   Thumb Code    16  modsysmon.o(i.modSysMon_DetectForIntensity)
    i.modSysMon_GetNormalModeSamples         0x0800488c   Section        0  modsysmon.o(i.modSysMon_GetNormalModeSamples)
    modSysMon_GetNormalModeSamples           0x0800488d   Thumb Code    14  modsysmon.o(i.modSysMon_GetNormalModeSamples)
    i.modSysMon_Init                         0x080048a0   Section        0  modsysmon.o(i.modSysMon_Init)
    i.modSysMon_MedianFilter                 0x080048d0   Section        0  modsysmon.o(i.modSysMon_MedianFilter)
    modSysMon_MedianFilter                   0x080048d1   Thumb Code    18  modsysmon.o(i.modSysMon_MedianFilter)
    i.modSysMon_MovingAverage                0x080048e8   Section        0  modsysmon.o(i.modSysMon_MovingAverage)
    modSysMon_MovingAverage                  0x080048e9   Thumb Code    24  modsysmon.o(i.modSysMon_MovingAverage)
    i.modSysMon_ResetUpdownCounter           0x08004908   Section        0  modsysmon.o(i.modSysMon_ResetUpdownCounter)
    modSysMon_ResetUpdownCounter             0x08004909   Thumb Code    16  modsysmon.o(i.modSysMon_ResetUpdownCounter)
    i.modSysMon_SystemMonitorTask            0x0800491c   Section        0  modsysmon.o(i.modSysMon_SystemMonitorTask)
    i.modSysMon_UpdateOverallState           0x0800497c   Section        0  modsysmon.o(i.modSysMon_UpdateOverallState)
    modSysMon_UpdateOverallState             0x0800497d   Thumb Code    48  modsysmon.o(i.modSysMon_UpdateOverallState)
    i.modSysMon_UpdateStateToUser            0x080049b0   Section        0  modsysmon.o(i.modSysMon_UpdateStateToUser)
    modSysMon_UpdateStateToUser              0x080049b1   Thumb Code    14  modsysmon.o(i.modSysMon_UpdateStateToUser)
    i.modUserCon_AlertLedOff                 0x080049c4   Section        0  modusercon.o(i.modUserCon_AlertLedOff)
    i.modUserCon_AlertLedOn                  0x08004a00   Section        0  modusercon.o(i.modUserCon_AlertLedOn)
    i.modUserCon_BuzzerOff                   0x08004ac0   Section        0  modusercon.o(i.modUserCon_BuzzerOff)
    i.modUserCon_CalibrationFailLedOff       0x08004ac4   Section        0  modusercon.o(i.modUserCon_CalibrationFailLedOff)
    i.modUserCon_CalibrationFailLedOn        0x08004ad8   Section        0  modusercon.o(i.modUserCon_CalibrationFailLedOn)
    i.modUserCon_CalibrationLedOff           0x08004aec   Section        0  modusercon.o(i.modUserCon_CalibrationLedOff)
    i.modUserCon_CalibrationLedOn            0x08004b00   Section        0  modusercon.o(i.modUserCon_CalibrationLedOn)
    i.modUserCon_CalibrationModeLedBlink     0x08004b14   Section        0  modusercon.o(i.modUserCon_CalibrationModeLedBlink)
    i.modUserCon_CalibrationPassLedBlink     0x08004b44   Section        0  modusercon.o(i.modUserCon_CalibrationPassLedBlink)
    i.modUserCon_GetCalibrationButtonState   0x08004b74   Section        0  modusercon.o(i.modUserCon_GetCalibrationButtonState)
    i.modUserCon_GetCalibrationModeButtonState 0x08004ba0   Section        0  modusercon.o(i.modUserCon_GetCalibrationModeButtonState)
    i.modUserCon_Init                        0x08004bc8   Section        0  modusercon.o(i.modUserCon_Init)
    i.modUserCon_MonitorModeLedOn            0x08004bdc   Section        0  modusercon.o(i.modUserCon_MonitorModeLedOn)
    i.osDelay                                0x08004bde   Section        0  cmsis_os.o(i.osDelay)
    i.osDelayUntil                           0x08004bfa   Section        0  cmsis_os.o(i.osDelayUntil)
    i.osKernelStart                          0x08004c1a   Section        0  cmsis_os.o(i.osKernelStart)
    i.osKernelSysTick                        0x08004c24   Section        0  cmsis_os.o(i.osKernelSysTick)
    i.osMessagePut                           0x08004c38   Section        0  cmsis_os.o(i.osMessagePut)
    i.osSystickHandler                       0x08004c9c   Section        0  cmsis_os.o(i.osSystickHandler)
    i.osThreadCreate                         0x08004cac   Section        0  cmsis_os.o(i.osThreadCreate)
    i.prvAddCurrentTaskToDelayedList         0x08004cdc   Section        0  tasks.o(i.prvAddCurrentTaskToDelayedList)
    prvAddCurrentTaskToDelayedList           0x08004cdd   Thumb Code   124  tasks.o(i.prvAddCurrentTaskToDelayedList)
    i.prvAddNewTaskToReadyList               0x08004d74   Section        0  tasks.o(i.prvAddNewTaskToReadyList)
    prvAddNewTaskToReadyList                 0x08004d75   Thumb Code   150  tasks.o(i.prvAddNewTaskToReadyList)
    i.prvCheckTasksWaitingTermination        0x08004e28   Section        0  tasks.o(i.prvCheckTasksWaitingTermination)
    prvCheckTasksWaitingTermination          0x08004e29   Thumb Code    86  tasks.o(i.prvCheckTasksWaitingTermination)
    i.prvCopyDataToQueue                     0x08004e8c   Section        0  queue.o(i.prvCopyDataToQueue)
    prvCopyDataToQueue                       0x08004e8d   Thumb Code   124  queue.o(i.prvCopyDataToQueue)
    i.prvDeleteTCB                           0x08004f08   Section        0  tasks.o(i.prvDeleteTCB)
    prvDeleteTCB                             0x08004f09   Thumb Code    18  tasks.o(i.prvDeleteTCB)
    i.prvHeapInit                            0x08004f1c   Section        0  heap_4.o(i.prvHeapInit)
    prvHeapInit                              0x08004f1d   Thumb Code    98  heap_4.o(i.prvHeapInit)
    i.prvIdleTask                            0x08004f98   Section        0  tasks.o(i.prvIdleTask)
    prvIdleTask                              0x08004f99   Thumb Code    32  tasks.o(i.prvIdleTask)
    i.prvInitialiseNewTask                   0x08004fc0   Section        0  tasks.o(i.prvInitialiseNewTask)
    prvInitialiseNewTask                     0x08004fc1   Thumb Code   174  tasks.o(i.prvInitialiseNewTask)
    i.prvInitialiseTaskLists                 0x08005070   Section        0  tasks.o(i.prvInitialiseTaskLists)
    prvInitialiseTaskLists                   0x08005071   Thumb Code    70  tasks.o(i.prvInitialiseTaskLists)
    i.prvInsertBlockIntoFreeList             0x080050d8   Section        0  heap_4.o(i.prvInsertBlockIntoFreeList)
    prvInsertBlockIntoFreeList               0x080050d9   Thumb Code    96  heap_4.o(i.prvInsertBlockIntoFreeList)
    i.prvIsQueueFull                         0x08005140   Section        0  queue.o(i.prvIsQueueFull)
    prvIsQueueFull                           0x08005141   Thumb Code    30  queue.o(i.prvIsQueueFull)
    i.prvResetNextTaskUnblockTime            0x08005160   Section        0  tasks.o(i.prvResetNextTaskUnblockTime)
    prvResetNextTaskUnblockTime              0x08005161   Thumb Code    42  tasks.o(i.prvResetNextTaskUnblockTime)
    i.prvTaskExitError                       0x08005194   Section        0  port.o(i.prvTaskExitError)
    prvTaskExitError                         0x08005195   Thumb Code    68  port.o(i.prvTaskExitError)
    i.prvUnlockQueue                         0x080051dc   Section        0  queue.o(i.prvUnlockQueue)
    prvUnlockQueue                           0x080051dd   Thumb Code   126  queue.o(i.prvUnlockQueue)
    i.pvPortMalloc                           0x0800525c   Section        0  heap_4.o(i.pvPortMalloc)
    i.pxPortInitialiseStack                  0x080053a4   Section        0  port.o(i.pxPortInitialiseStack)
    i.uxListRemove                           0x080053d0   Section        0  list.o(i.uxListRemove)
    i.vListInitialise                        0x080053f8   Section        0  list.o(i.vListInitialise)
    i.vListInitialiseItem                    0x08005412   Section        0  list.o(i.vListInitialiseItem)
    i.vListInsert                            0x08005418   Section        0  list.o(i.vListInsert)
    i.vListInsertEnd                         0x0800544c   Section        0  list.o(i.vListInsertEnd)
    i.vPortEnterCritical                     0x08005464   Section        0  port.o(i.vPortEnterCritical)
    i.vPortExitCritical                      0x080054c0   Section        0  port.o(i.vPortExitCritical)
    i.vPortFree                              0x08005500   Section        0  heap_4.o(i.vPortFree)
    i.vPortSetupTimerInterrupt               0x0800559c   Section        0  port.o(i.vPortSetupTimerInterrupt)
    i.vPortValidateInterruptPriority         0x080055b8   Section        0  port.o(i.vPortValidateInterruptPriority)
    i.vTaskDelay                             0x08005638   Section        0  tasks.o(i.vTaskDelay)
    i.vTaskDelayUntil                        0x08005698   Section        0  tasks.o(i.vTaskDelayUntil)
    i.vTaskMissedYield                       0x08005778   Section        0  tasks.o(i.vTaskMissedYield)
    i.vTaskPlaceOnEventList                  0x08005784   Section        0  tasks.o(i.vTaskPlaceOnEventList)
    i.vTaskSetTimeOutState                   0x080057c0   Section        0  tasks.o(i.vTaskSetTimeOutState)
    i.vTaskStartScheduler                    0x080057f4   Section        0  tasks.o(i.vTaskStartScheduler)
    i.vTaskSuspendAll                        0x08005884   Section        0  tasks.o(i.vTaskSuspendAll)
    i.vTaskSwitchContext                     0x08005894   Section        0  tasks.o(i.vTaskSwitchContext)
    i.xPortStartScheduler                    0x08005924   Section        0  port.o(i.xPortStartScheduler)
    i.xPortSysTickHandler                    0x08005a0c   Section        0  port.o(i.xPortSysTickHandler)
    i.xQueueGenericSend                      0x08005a44   Section        0  queue.o(i.xQueueGenericSend)
    i.xQueueGenericSendFromISR               0x08005bfc   Section        0  queue.o(i.xQueueGenericSendFromISR)
    i.xTaskCheckForTimeOut                   0x08005d04   Section        0  tasks.o(i.xTaskCheckForTimeOut)
    i.xTaskCreate                            0x08005d98   Section        0  tasks.o(i.xTaskCreate)
    i.xTaskGetSchedulerState                 0x08005df8   Section        0  tasks.o(i.xTaskGetSchedulerState)
    i.xTaskGetTickCount                      0x08005e18   Section        0  tasks.o(i.xTaskGetTickCount)
    i.xTaskGetTickCountFromISR               0x08005e24   Section        0  tasks.o(i.xTaskGetTickCountFromISR)
    i.xTaskIncrementTick                     0x08005e38   Section        0  tasks.o(i.xTaskIncrementTick)
    i.xTaskPriorityDisinherit                0x08005f84   Section        0  tasks.o(i.xTaskPriorityDisinherit)
    i.xTaskRemoveFromEventList               0x08006054   Section        0  tasks.o(i.xTaskRemoveFromEventList)
    i.xTaskResumeAll                         0x080060f0   Section        0  tasks.o(i.xTaskResumeAll)
    .constdata                               0x080061f8   Section       24  system_stm32f7xx.o(.constdata)
    .constdata                               0x08006210   Section        8  stm32f7xx_hal_dma.o(.constdata)
    flagBitshiftOffset                       0x08006210   Data           8  stm32f7xx_hal_dma.o(.constdata)
    .constdata                               0x08006218   Section       20  freertos.o(.constdata)
    .constdata                               0x0800622c   Section       16  libmetaldetector.o(.constdata)
    Intensity                                0x0800622c   Data          16  libmetaldetector.o(.constdata)
    .conststring                             0x0800623c   Section       12  freertos.o(.conststring)
    .data                                    0x20000000   Section        4  system_stm32f7xx.o(.data)
    .data                                    0x20000004   Section        9  stm32f7xx_hal.o(.data)
    .data                                    0x20000010   Section        4  adc.o(.data)
    .data                                    0x20000014   Section       12  freertos.o(.data)
    .data                                    0x20000020   Section       10  modsysmon.o(.data)
    pDetectordata                            0x20000020   Data           4  modsysmon.o(.data)
    Mode                                     0x20000024   Data           4  modsysmon.o(.data)
    SampleIndex                              0x20000028   Data           2  modsysmon.o(.data)
    .data                                    0x2000002c   Section       16  modcalib.o(.data)
    Mode                                     0x2000002c   Data           4  modcalib.o(.data)
    OverallState                             0x20000030   Data           4  modcalib.o(.data)
    pUpDownCounter                           0x20000034   Data           4  modcalib.o(.data)
    PreviousTick                             0x20000038   Data           4  modcalib.o(.data)
    .data                                    0x2000003c   Section       24  heap_4.o(.data)
    xStart                                   0x2000003c   Data           8  heap_4.o(.data)
    pxEnd                                    0x20000044   Data           4  heap_4.o(.data)
    xFreeBytesRemaining                      0x20000048   Data           4  heap_4.o(.data)
    xMinimumEverFreeBytesRemaining           0x2000004c   Data           4  heap_4.o(.data)
    xBlockAllocatedBit                       0x20000050   Data           4  heap_4.o(.data)
    .data                                    0x20000054   Section       12  port.o(.data)
    uxCriticalNesting                        0x20000054   Data           4  port.o(.data)
    ucMaxSysCallPriority                     0x20000058   Data           1  port.o(.data)
    ulMaxPRIGROUPValue                       0x2000005c   Data           4  port.o(.data)
    .data                                    0x20000060   Section       60  tasks.o(.data)
    pxDelayedTaskList                        0x20000064   Data           4  tasks.o(.data)
    pxOverflowDelayedTaskList                0x20000068   Data           4  tasks.o(.data)
    uxDeletedTasksWaitingCleanUp             0x2000006c   Data           4  tasks.o(.data)
    uxCurrentNumberOfTasks                   0x20000070   Data           4  tasks.o(.data)
    xTickCount                               0x20000074   Data           4  tasks.o(.data)
    uxTopReadyPriority                       0x20000078   Data           4  tasks.o(.data)
    xSchedulerRunning                        0x2000007c   Data           4  tasks.o(.data)
    uxPendedTicks                            0x20000080   Data           4  tasks.o(.data)
    xYieldPending                            0x20000084   Data           4  tasks.o(.data)
    xNumOfOverflows                          0x20000088   Data           4  tasks.o(.data)
    uxTaskNumber                             0x2000008c   Data           4  tasks.o(.data)
    xNextTaskUnblockTime                     0x20000090   Data           4  tasks.o(.data)
    xIdleTaskHandle                          0x20000094   Data           4  tasks.o(.data)
    uxSchedulerSuspended                     0x20000098   Data           4  tasks.o(.data)
    .bss                                     0x2000009c   Section      180  adc.o(.bss)
    .bss                                     0x20000150   Section       76  freertos.o(.bss)
    .bss                                     0x2000019c   Section      704  usbh_conf.o(.bss)
    .bss                                     0x2000045c   Section       64  stm32f7xx_hal_timebase_tim.o(.bss)
    .bss                                     0x2000049c   Section     2400  modsysmon.o(.bss)
    .bss                                     0x20000dfc   Section     2568  modcalib.o(.bss)
    Calibration_Sample_Buffer                0x20000dfc   Data        2400  modcalib.o(.bss)
    CalibData                                0x2000175c   Data         104  modcalib.o(.bss)
    PreviousTick                             0x200017c4   Data          64  modcalib.o(.bss)
    .bss                                     0x20001804   Section    30720  heap_4.o(.bss)
    ucHeap                                   0x20001804   Data       30720  heap_4.o(.bss)
    .bss                                     0x20009004   Section      240  tasks.o(.bss)
    pxReadyTasksLists                        0x20009004   Data         140  tasks.o(.bss)
    xDelayedTaskList1                        0x20009090   Data          20  tasks.o(.bss)
    xDelayedTaskList2                        0x200090a4   Data          20  tasks.o(.bss)
    xPendingReadyList                        0x200090b8   Data          20  tasks.o(.bss)
    xTasksWaitingTermination                 0x200090cc   Data          20  tasks.o(.bss)
    xSuspendedTaskList                       0x200090e0   Data          20  tasks.o(.bss)
    STACK                                    0x200090f8   Section     1024  startup_stm32f746xx.o(STACK)

    Global Symbols

    Symbol Name                              Value     Ov Type        Size  Object(Section)

    BuildAttributes$$THM_ISAv4$E$P$D$K$B$S$7EM$VFPi5$EXTD16$VFPS$VFMA$PE$PLD8$A:L22UL41UL21$X:L11$S22US41US21$IEEE1$IW$USESV6$~STKCKD$USESV7$~SHL$OSPACE$EBA8$MICROLIB$REQ8$PRES8$EABIv2 0x00000000   Number         0  anon$$obj.o ABSOLUTE
    __ARM_use_no_argv                        0x00000000   Number         0  main.o ABSOLUTE
    __cpp_initialize__aeabi_                  - Undefined Weak Reference
    __cxa_finalize                            - Undefined Weak Reference
    __decompress                              - Undefined Weak Reference
    _clock_init                               - Undefined Weak Reference
    _microlib_exit                            - Undefined Weak Reference
    __Vectors_Size                           0x000001c8   Number         0  startup_stm32f746xx.o ABSOLUTE
    __Vectors                                0x08000000   Data           4  startup_stm32f746xx.o(RESET)
    __Vectors_End                            0x080001c8   Data           0  startup_stm32f746xx.o(RESET)
    __main                                   0x080001c9   Thumb Code     0  entry.o(.ARM.Collect$$$$00000000)
    _main_stk                                0x080001c9   Thumb Code     0  entry2.o(.ARM.Collect$$$$00000001)
    _main_scatterload                        0x080001cd   Thumb Code     0  entry5.o(.ARM.Collect$$$$00000004)
    __main_after_scatterload                 0x080001d1   Thumb Code     0  entry5.o(.ARM.Collect$$$$00000004)
    _main_clock                              0x080001d1   Thumb Code     0  entry7b.o(.ARM.Collect$$$$00000008)
    _main_cpp_init                           0x080001d1   Thumb Code     0  entry8b.o(.ARM.Collect$$$$0000000A)
    _main_init                               0x080001d1   Thumb Code     0  entry9a.o(.ARM.Collect$$$$0000000B)
    __rt_final_cpp                           0x080001d9   Thumb Code     0  entry10a.o(.ARM.Collect$$$$0000000D)
    __rt_final_exit                          0x080001d9   Thumb Code     0  entry11a.o(.ARM.Collect$$$$0000000F)
    SVC_Handler                              0x080001dd   Thumb Code    28  port.o(.emb_text)
    __asm___6_port_c_39a90d8d__prvStartFirstTask 0x080001fd   Thumb Code    28  port.o(.emb_text)
    __asm___6_port_c_39a90d8d__prvEnableVFP  0x0800021d   Thumb Code    16  port.o(.emb_text)
    PendSV_Handler                           0x08000231   Thumb Code    92  port.o(.emb_text)
    vPortGetIPSR                             0x08000291   Thumb Code     6  port.o(.emb_text)
    Reset_Handler                            0x08000299   Thumb Code     8  startup_stm32f746xx.o(.text)
    ADC_IRQHandler                           0x080002b3   Thumb Code     0  startup_stm32f746xx.o(.text)
    CAN1_RX0_IRQHandler                      0x080002b3   Thumb Code     0  startup_stm32f746xx.o(.text)
    CAN1_RX1_IRQHandler                      0x080002b3   Thumb Code     0  startup_stm32f746xx.o(.text)
    CAN1_SCE_IRQHandler                      0x080002b3   Thumb Code     0  startup_stm32f746xx.o(.text)
    CAN1_TX_IRQHandler                       0x080002b3   Thumb Code     0  startup_stm32f746xx.o(.text)
    CAN2_RX0_IRQHandler                      0x080002b3   Thumb Code     0  startup_stm32f746xx.o(.text)
    CAN2_RX1_IRQHandler                      0x080002b3   Thumb Code     0  startup_stm32f746xx.o(.text)
    CAN2_SCE_IRQHandler                      0x080002b3   Thumb Code     0  startup_stm32f746xx.o(.text)
    CAN2_TX_IRQHandler                       0x080002b3   Thumb Code     0  startup_stm32f746xx.o(.text)
    CEC_IRQHandler                           0x080002b3   Thumb Code     0  startup_stm32f746xx.o(.text)
    DCMI_IRQHandler                          0x080002b3   Thumb Code     0  startup_stm32f746xx.o(.text)
    DMA1_Stream0_IRQHandler                  0x080002b3   Thumb Code     0  startup_stm32f746xx.o(.text)
    DMA1_Stream1_IRQHandler                  0x080002b3   Thumb Code     0  startup_stm32f746xx.o(.text)
    DMA1_Stream2_IRQHandler                  0x080002b3   Thumb Code     0  startup_stm32f746xx.o(.text)
    DMA1_Stream3_IRQHandler                  0x080002b3   Thumb Code     0  startup_stm32f746xx.o(.text)
    DMA1_Stream4_IRQHandler                  0x080002b3   Thumb Code     0  startup_stm32f746xx.o(.text)
    DMA1_Stream5_IRQHandler                  0x080002b3   Thumb Code     0  startup_stm32f746xx.o(.text)
    DMA1_Stream6_IRQHandler                  0x080002b3   Thumb Code     0  startup_stm32f746xx.o(.text)
    DMA1_Stream7_IRQHandler                  0x080002b3   Thumb Code     0  startup_stm32f746xx.o(.text)
    DMA2D_IRQHandler                         0x080002b3   Thumb Code     0  startup_stm32f746xx.o(.text)
    DMA2_Stream1_IRQHandler                  0x080002b3   Thumb Code     0  startup_stm32f746xx.o(.text)
    DMA2_Stream2_IRQHandler                  0x080002b3   Thumb Code     0  startup_stm32f746xx.o(.text)
    DMA2_Stream3_IRQHandler                  0x080002b3   Thumb Code     0  startup_stm32f746xx.o(.text)
    DMA2_Stream4_IRQHandler                  0x080002b3   Thumb Code     0  startup_stm32f746xx.o(.text)
    DMA2_Stream5_IRQHandler                  0x080002b3   Thumb Code     0  startup_stm32f746xx.o(.text)
    DMA2_Stream6_IRQHandler                  0x080002b3   Thumb Code     0  startup_stm32f746xx.o(.text)
    DMA2_Stream7_IRQHandler                  0x080002b3   Thumb Code     0  startup_stm32f746xx.o(.text)
    ETH_IRQHandler                           0x080002b3   Thumb Code     0  startup_stm32f746xx.o(.text)
    ETH_WKUP_IRQHandler                      0x080002b3   Thumb Code     0  startup_stm32f746xx.o(.text)
    EXTI0_IRQHandler                         0x080002b3   Thumb Code     0  startup_stm32f746xx.o(.text)
    EXTI15_10_IRQHandler                     0x080002b3   Thumb Code     0  startup_stm32f746xx.o(.text)
    EXTI1_IRQHandler                         0x080002b3   Thumb Code     0  startup_stm32f746xx.o(.text)
    EXTI2_IRQHandler                         0x080002b3   Thumb Code     0  startup_stm32f746xx.o(.text)
    EXTI3_IRQHandler                         0x080002b3   Thumb Code     0  startup_stm32f746xx.o(.text)
    EXTI4_IRQHandler                         0x080002b3   Thumb Code     0  startup_stm32f746xx.o(.text)
    EXTI9_5_IRQHandler                       0x080002b3   Thumb Code     0  startup_stm32f746xx.o(.text)
    FLASH_IRQHandler                         0x080002b3   Thumb Code     0  startup_stm32f746xx.o(.text)
    FMC_IRQHandler                           0x080002b3   Thumb Code     0  startup_stm32f746xx.o(.text)
    FPU_IRQHandler                           0x080002b3   Thumb Code     0  startup_stm32f746xx.o(.text)
    I2C1_ER_IRQHandler                       0x080002b3   Thumb Code     0  startup_stm32f746xx.o(.text)
    I2C1_EV_IRQHandler                       0x080002b3   Thumb Code     0  startup_stm32f746xx.o(.text)
    I2C2_ER_IRQHandler                       0x080002b3   Thumb Code     0  startup_stm32f746xx.o(.text)
    I2C2_EV_IRQHandler                       0x080002b3   Thumb Code     0  startup_stm32f746xx.o(.text)
    I2C3_ER_IRQHandler                       0x080002b3   Thumb Code     0  startup_stm32f746xx.o(.text)
    I2C3_EV_IRQHandler                       0x080002b3   Thumb Code     0  startup_stm32f746xx.o(.text)
    I2C4_ER_IRQHandler                       0x080002b3   Thumb Code     0  startup_stm32f746xx.o(.text)
    I2C4_EV_IRQHandler                       0x080002b3   Thumb Code     0  startup_stm32f746xx.o(.text)
    LPTIM1_IRQHandler                        0x080002b3   Thumb Code     0  startup_stm32f746xx.o(.text)
    LTDC_ER_IRQHandler                       0x080002b3   Thumb Code     0  startup_stm32f746xx.o(.text)
    LTDC_IRQHandler                          0x080002b3   Thumb Code     0  startup_stm32f746xx.o(.text)
    OTG_FS_WKUP_IRQHandler                   0x080002b3   Thumb Code     0  startup_stm32f746xx.o(.text)
    OTG_HS_EP1_IN_IRQHandler                 0x080002b3   Thumb Code     0  startup_stm32f746xx.o(.text)
    OTG_HS_EP1_OUT_IRQHandler                0x080002b3   Thumb Code     0  startup_stm32f746xx.o(.text)
    OTG_HS_IRQHandler                        0x080002b3   Thumb Code     0  startup_stm32f746xx.o(.text)
    OTG_HS_WKUP_IRQHandler                   0x080002b3   Thumb Code     0  startup_stm32f746xx.o(.text)
    PVD_IRQHandler                           0x080002b3   Thumb Code     0  startup_stm32f746xx.o(.text)
    QUADSPI_IRQHandler                       0x080002b3   Thumb Code     0  startup_stm32f746xx.o(.text)
    RCC_IRQHandler                           0x080002b3   Thumb Code     0  startup_stm32f746xx.o(.text)
    RNG_IRQHandler                           0x080002b3   Thumb Code     0  startup_stm32f746xx.o(.text)
    RTC_Alarm_IRQHandler                     0x080002b3   Thumb Code     0  startup_stm32f746xx.o(.text)
    RTC_WKUP_IRQHandler                      0x080002b3   Thumb Code     0  startup_stm32f746xx.o(.text)
    SAI1_IRQHandler                          0x080002b3   Thumb Code     0  startup_stm32f746xx.o(.text)
    SAI2_IRQHandler                          0x080002b3   Thumb Code     0  startup_stm32f746xx.o(.text)
    SDMMC1_IRQHandler                        0x080002b3   Thumb Code     0  startup_stm32f746xx.o(.text)
    SPDIF_RX_IRQHandler                      0x080002b3   Thumb Code     0  startup_stm32f746xx.o(.text)
    SPI1_IRQHandler                          0x080002b3   Thumb Code     0  startup_stm32f746xx.o(.text)
    SPI2_IRQHandler                          0x080002b3   Thumb Code     0  startup_stm32f746xx.o(.text)
    SPI3_IRQHandler                          0x080002b3   Thumb Code     0  startup_stm32f746xx.o(.text)
    SPI4_IRQHandler                          0x080002b3   Thumb Code     0  startup_stm32f746xx.o(.text)
    SPI5_IRQHandler                          0x080002b3   Thumb Code     0  startup_stm32f746xx.o(.text)
    SPI6_IRQHandler                          0x080002b3   Thumb Code     0  startup_stm32f746xx.o(.text)
    TAMP_STAMP_IRQHandler                    0x080002b3   Thumb Code     0  startup_stm32f746xx.o(.text)
    TIM1_BRK_TIM9_IRQHandler                 0x080002b3   Thumb Code     0  startup_stm32f746xx.o(.text)
    TIM1_CC_IRQHandler                       0x080002b3   Thumb Code     0  startup_stm32f746xx.o(.text)
    TIM1_TRG_COM_TIM11_IRQHandler            0x080002b3   Thumb Code     0  startup_stm32f746xx.o(.text)
    TIM2_IRQHandler                          0x080002b3   Thumb Code     0  startup_stm32f746xx.o(.text)
    TIM3_IRQHandler                          0x080002b3   Thumb Code     0  startup_stm32f746xx.o(.text)
    TIM4_IRQHandler                          0x080002b3   Thumb Code     0  startup_stm32f746xx.o(.text)
    TIM5_IRQHandler                          0x080002b3   Thumb Code     0  startup_stm32f746xx.o(.text)
    TIM6_DAC_IRQHandler                      0x080002b3   Thumb Code     0  startup_stm32f746xx.o(.text)
    TIM7_IRQHandler                          0x080002b3   Thumb Code     0  startup_stm32f746xx.o(.text)
    TIM8_BRK_TIM12_IRQHandler                0x080002b3   Thumb Code     0  startup_stm32f746xx.o(.text)
    TIM8_CC_IRQHandler                       0x080002b3   Thumb Code     0  startup_stm32f746xx.o(.text)
    TIM8_TRG_COM_TIM14_IRQHandler            0x080002b3   Thumb Code     0  startup_stm32f746xx.o(.text)
    TIM8_UP_TIM13_IRQHandler                 0x080002b3   Thumb Code     0  startup_stm32f746xx.o(.text)
    UART4_IRQHandler                         0x080002b3   Thumb Code     0  startup_stm32f746xx.o(.text)
    UART5_IRQHandler                         0x080002b3   Thumb Code     0  startup_stm32f746xx.o(.text)
    UART7_IRQHandler                         0x080002b3   Thumb Code     0  startup_stm32f746xx.o(.text)
    UART8_IRQHandler                         0x080002b3   Thumb Code     0  startup_stm32f746xx.o(.text)
    USART1_IRQHandler                        0x080002b3   Thumb Code     0  startup_stm32f746xx.o(.text)
    USART2_IRQHandler                        0x080002b3   Thumb Code     0  startup_stm32f746xx.o(.text)
    USART3_IRQHandler                        0x080002b3   Thumb Code     0  startup_stm32f746xx.o(.text)
    USART6_IRQHandler                        0x080002b3   Thumb Code     0  startup_stm32f746xx.o(.text)
    WWDG_IRQHandler                          0x080002b3   Thumb Code     0  startup_stm32f746xx.o(.text)
    __aeabi_uldivmod                         0x080002bd   Thumb Code    98  uldiv.o(.text)
    __aeabi_memcpy                           0x0800031f   Thumb Code    36  memcpya.o(.text)
    __aeabi_memcpy4                          0x0800031f   Thumb Code     0  memcpya.o(.text)
    __aeabi_memcpy8                          0x0800031f   Thumb Code     0  memcpya.o(.text)
    __aeabi_memset                           0x08000343   Thumb Code    14  memseta.o(.text)
    __aeabi_memset4                          0x08000343   Thumb Code     0  memseta.o(.text)
    __aeabi_memset8                          0x08000343   Thumb Code     0  memseta.o(.text)
    __aeabi_memclr                           0x08000351   Thumb Code     4  memseta.o(.text)
    __aeabi_memclr4                          0x08000351   Thumb Code     0  memseta.o(.text)
    __aeabi_memclr8                          0x08000351   Thumb Code     0  memseta.o(.text)
    _memset$wrapper                          0x08000355   Thumb Code    18  memseta.o(.text)
    __aeabi_llsl                             0x08000367   Thumb Code    30  llshl.o(.text)
    _ll_shift_l                              0x08000367   Thumb Code     0  llshl.o(.text)
    __aeabi_llsr                             0x08000385   Thumb Code    32  llushr.o(.text)
    _ll_ushift_r                             0x08000385   Thumb Code     0  llushr.o(.text)
    __scatterload                            0x080003a5   Thumb Code    28  init.o(.text)
    __scatterload_rt2                        0x080003a5   Thumb Code     0  init.o(.text)
    BusFault_Handler                         0x080005cd   Thumb Code     4  stm32f7xx_it.o(i.BusFault_Handler)
    DMA2_Stream0_IRQHandler                  0x080005d1   Thumb Code    16  stm32f7xx_it.o(i.DMA2_Stream0_IRQHandler)
    DebugMon_Handler                         0x080006f3   Thumb Code     2  stm32f7xx_it.o(i.DebugMon_Handler)
    Get_ADC_Data                             0x080006f5   Thumb Code    84  adc.o(i.Get_ADC_Data)
    HAL_ADC_ConfigChannel                    0x08000755   Thumb Code   414  stm32f7xx_hal_adc.o(i.HAL_ADC_ConfigChannel)
    HAL_ADC_ConvCpltCallback                 0x08000909   Thumb Code     2  stm32f7xx_hal_adc.o(i.HAL_ADC_ConvCpltCallback)
    HAL_ADC_ConvHalfCpltCallback             0x0800090b   Thumb Code     2  stm32f7xx_hal_adc.o(i.HAL_ADC_ConvHalfCpltCallback)
    HAL_ADC_ErrorCallback                    0x0800090d   Thumb Code     2  stm32f7xx_hal_adc.o(i.HAL_ADC_ErrorCallback)
    HAL_ADC_Init                             0x08000911   Thumb Code   100  stm32f7xx_hal_adc.o(i.HAL_ADC_Init)
    HAL_ADC_MspInit                          0x08000979   Thumb Code   130  adc.o(i.HAL_ADC_MspInit)
    HAL_ADC_Start_DMA                        0x08000a21   Thumb Code   300  stm32f7xx_hal_adc.o(i.HAL_ADC_Start_DMA)
    HAL_ADC_Stop_DMA                         0x08000b69   Thumb Code   108  stm32f7xx_hal_adc.o(i.HAL_ADC_Stop_DMA)
    HAL_DMA_Abort                            0x08000bd5   Thumb Code   170  stm32f7xx_hal_dma.o(i.HAL_DMA_Abort)
    HAL_DMA_IRQHandler                       0x08000c81   Thumb Code   570  stm32f7xx_hal_dma.o(i.HAL_DMA_IRQHandler)
    HAL_DMA_Init                             0x08000ec1   Thumb Code   232  stm32f7xx_hal_dma.o(i.HAL_DMA_Init)
    HAL_DMA_Start_IT                         0x08000fad   Thumb Code   158  stm32f7xx_hal_dma.o(i.HAL_DMA_Start_IT)
    HAL_Delay                                0x0800104d   Thumb Code    36  stm32f7xx_hal.o(i.HAL_Delay)
    HAL_GPIO_Init                            0x08001075   Thumb Code   484  stm32f7xx_hal_gpio.o(i.HAL_GPIO_Init)
    HAL_GPIO_ReadPin                         0x0800128d   Thumb Code    16  stm32f7xx_hal_gpio.o(i.HAL_GPIO_ReadPin)
    HAL_GPIO_TogglePin                       0x0800129d   Thumb Code     8  stm32f7xx_hal_gpio.o(i.HAL_GPIO_TogglePin)
    HAL_GPIO_WritePin                        0x080012a5   Thumb Code    12  stm32f7xx_hal_gpio.o(i.HAL_GPIO_WritePin)
    HAL_GetTick                              0x080012b1   Thumb Code     6  stm32f7xx_hal.o(i.HAL_GetTick)
    HAL_HCD_Connect_Callback                 0x080012bd   Thumb Code    14  usbh_conf.o(i.HAL_HCD_Connect_Callback)
    HAL_HCD_Disconnect_Callback              0x080012cb   Thumb Code    14  usbh_conf.o(i.HAL_HCD_Disconnect_Callback)
    HAL_HCD_HC_NotifyURBChange_Callback      0x080012d9   Thumb Code    18  usbh_conf.o(i.HAL_HCD_HC_NotifyURBChange_Callback)
    HAL_HCD_IRQHandler                       0x080012eb   Thumb Code   364  stm32f7xx_hal_hcd.o(i.HAL_HCD_IRQHandler)
    HAL_HCD_PortDisabled_Callback            0x08001457   Thumb Code    14  usbh_conf.o(i.HAL_HCD_PortDisabled_Callback)
    HAL_HCD_PortEnabled_Callback             0x08001465   Thumb Code    14  usbh_conf.o(i.HAL_HCD_PortEnabled_Callback)
    HAL_HCD_SOF_Callback                     0x08001473   Thumb Code    14  usbh_conf.o(i.HAL_HCD_SOF_Callback)
    HAL_HCD_Start                            0x08001481   Thumb Code    54  stm32f7xx_hal_hcd.o(i.HAL_HCD_Start)
    HAL_HCD_Stop                             0x080014b7   Thumb Code    46  stm32f7xx_hal_hcd.o(i.HAL_HCD_Stop)
    HAL_IncTick                              0x080014e5   Thumb Code    16  stm32f7xx_hal.o(i.HAL_IncTick)
    HAL_Init                                 0x080014fd   Thumb Code    22  stm32f7xx_hal.o(i.HAL_Init)
    HAL_InitTick                             0x08001515   Thumb Code   118  stm32f7xx_hal_timebase_tim.o(i.HAL_InitTick)
    HAL_MspInit                              0x0800159d   Thumb Code   142  stm32f7xx_hal_msp.o(i.HAL_MspInit)
    HAL_NVIC_EnableIRQ                       0x08001631   Thumb Code    26  stm32f7xx_hal_cortex.o(i.HAL_NVIC_EnableIRQ)
    HAL_NVIC_SetPriority                     0x0800164b   Thumb Code   124  stm32f7xx_hal_cortex.o(i.HAL_NVIC_SetPriority)
    HAL_NVIC_SetPriorityGrouping             0x080016c9   Thumb Code    32  stm32f7xx_hal_cortex.o(i.HAL_NVIC_SetPriorityGrouping)
    HAL_PWREx_EnableOverDrive                0x080016f1   Thumb Code   136  stm32f7xx_hal_pwr_ex.o(i.HAL_PWREx_EnableOverDrive)
    HAL_RCCEx_PeriphCLKConfig                0x08001781   Thumb Code  1756  stm32f7xx_hal_rcc_ex.o(i.HAL_RCCEx_PeriphCLKConfig)
    HAL_RCC_ClockConfig                      0x08001e61   Thumb Code   382  stm32f7xx_hal_rcc.o(i.HAL_RCC_ClockConfig)
    HAL_RCC_GetClockConfig                   0x08001ff1   Thumb Code    58  stm32f7xx_hal_rcc.o(i.HAL_RCC_GetClockConfig)
    HAL_RCC_GetHCLKFreq                      0x08002035   Thumb Code     6  stm32f7xx_hal_rcc.o(i.HAL_RCC_GetHCLKFreq)
    HAL_RCC_GetPCLK2Freq                     0x08002041   Thumb Code    22  stm32f7xx_hal_rcc.o(i.HAL_RCC_GetPCLK2Freq)
    HAL_RCC_GetSysClockFreq                  0x08002061   Thumb Code   162  stm32f7xx_hal_rcc.o(i.HAL_RCC_GetSysClockFreq)
    HAL_RCC_OscConfig                        0x08002111   Thumb Code  1200  stm32f7xx_hal_rcc.o(i.HAL_RCC_OscConfig)
    HAL_SYSTICK_CLKSourceConfig              0x080025c5   Thumb Code    40  stm32f7xx_hal_cortex.o(i.HAL_SYSTICK_CLKSourceConfig)
    HAL_SYSTICK_Config                       0x080025ed   Thumb Code    52  stm32f7xx_hal_cortex.o(i.HAL_SYSTICK_Config)
    HAL_TIMEx_BreakCallback                  0x08002621   Thumb Code     2  stm32f7xx_hal_tim_ex.o(i.HAL_TIMEx_BreakCallback)
    HAL_TIMEx_CommutationCallback            0x08002623   Thumb Code     2  stm32f7xx_hal_tim_ex.o(i.HAL_TIMEx_CommutationCallback)
    HAL_TIM_Base_Init                        0x08002625   Thumb Code    52  stm32f7xx_hal_tim.o(i.HAL_TIM_Base_Init)
    HAL_TIM_Base_MspInit                     0x08002659   Thumb Code     2  stm32f7xx_hal_tim.o(i.HAL_TIM_Base_MspInit)
    HAL_TIM_Base_Start_IT                    0x0800265b   Thumb Code    30  stm32f7xx_hal_tim.o(i.HAL_TIM_Base_Start_IT)
    HAL_TIM_IC_CaptureCallback               0x08002679   Thumb Code     2  stm32f7xx_hal_tim.o(i.HAL_TIM_IC_CaptureCallback)
    HAL_TIM_IRQHandler                       0x0800267b   Thumb Code   440  stm32f7xx_hal_tim.o(i.HAL_TIM_IRQHandler)
    HAL_TIM_OC_DelayElapsedCallback          0x08002833   Thumb Code     2  stm32f7xx_hal_tim.o(i.HAL_TIM_OC_DelayElapsedCallback)
    HAL_TIM_PWM_PulseFinishedCallback        0x08002835   Thumb Code     2  stm32f7xx_hal_tim.o(i.HAL_TIM_PWM_PulseFinishedCallback)
    HAL_TIM_PeriodElapsedCallback            0x08002839   Thumb Code    18  main.o(i.HAL_TIM_PeriodElapsedCallback)
    HAL_TIM_TriggerCallback                  0x08002851   Thumb Code     2  stm32f7xx_hal_tim.o(i.HAL_TIM_TriggerCallback)
    HardFault_Handler                        0x080034e5   Thumb Code     4  stm32f7xx_it.o(i.HardFault_Handler)
    Init_System                              0x080034e9   Thumb Code    18  freertos.o(i.Init_System)
    MX_ADC1_Init                             0x08003501   Thumb Code   174  adc.o(i.MX_ADC1_Init)
    MX_DMA_Init                              0x080035cd   Thumb Code    48  dma.o(i.MX_DMA_Init)
    MX_FREERTOS_Init                         0x08003601   Thumb Code    30  freertos.o(i.MX_FREERTOS_Init)
    MX_GPIO_Init                             0x08003629   Thumb Code   636  gpio.o(i.MX_GPIO_Init)
    MemManage_Handler                        0x080038cd   Thumb Code     4  stm32f7xx_it.o(i.MemManage_Handler)
    MonitoringTask                           0x080038d1   Thumb Code    54  freertos.o(i.MonitoringTask)
    NMI_Handler                              0x0800390d   Thumb Code     2  stm32f7xx_it.o(i.NMI_Handler)
    OTG_FS_IRQHandler                        0x08003949   Thumb Code    10  stm32f7xx_it.o(i.OTG_FS_IRQHandler)
    SysTick_Handler                          0x080039f5   Thumb Code     8  stm32f7xx_it.o(i.SysTick_Handler)
    SystemClock_Config                       0x080039fd   Thumb Code   228  main.o(i.SystemClock_Config)
    SystemInit                               0x08003af9   Thumb Code    82  system_stm32f7xx.o(i.SystemInit)
    TIM1_UP_TIM10_IRQHandler                 0x08003b5d   Thumb Code    10  stm32f7xx_it.o(i.TIM1_UP_TIM10_IRQHandler)
    TIM_Base_SetConfig                       0x08003b6d   Thumb Code   196  stm32f7xx_hal_tim.o(i.TIM_Base_SetConfig)
    USBH_FreePipe                            0x08003c5d   Thumb Code    30  usbh_pipes.o(i.USBH_FreePipe)
    USBH_LL_Connect                          0x08003c97   Thumb Code    60  usbh_core.o(i.USBH_LL_Connect)
    USBH_LL_Disconnect                       0x08003cd3   Thumb Code    74  usbh_core.o(i.USBH_LL_Disconnect)
    USBH_LL_IncTimer                         0x08003d1d   Thumb Code    22  usbh_core.o(i.USBH_LL_IncTimer)
    USBH_LL_NotifyURBChange                  0x08003d33   Thumb Code    20  usbh_core.o(i.USBH_LL_NotifyURBChange)
    USBH_LL_PortDisabled                     0x08003d47   Thumb Code     8  usbh_core.o(i.USBH_LL_PortDisabled)
    USBH_LL_PortEnabled                      0x08003d4f   Thumb Code     8  usbh_core.o(i.USBH_LL_PortEnabled)
    USBH_LL_Start                            0x08003d57   Thumb Code    60  usbh_conf.o(i.USBH_LL_Start)
    USBH_LL_Stop                             0x08003d93   Thumb Code    60  usbh_conf.o(i.USBH_LL_Stop)
    USB_DisableGlobalInt                     0x08003dcf   Thumb Code    14  stm32f7xx_ll_usb.o(i.USB_DisableGlobalInt)
    USB_DriveVbus                            0x08003ddd   Thumb Code    74  stm32f7xx_ll_usb.o(i.USB_DriveVbus)
    USB_EnableGlobalInt                      0x08003e27   Thumb Code    14  stm32f7xx_ll_usb.o(i.USB_EnableGlobalInt)
    USB_FlushRxFifo                          0x08003e35   Thumb Code    38  stm32f7xx_ll_usb.o(i.USB_FlushRxFifo)
    USB_FlushTxFifo                          0x08003e61   Thumb Code    44  stm32f7xx_ll_usb.o(i.USB_FlushTxFifo)
    USB_GetMode                              0x08003e91   Thumb Code    10  stm32f7xx_ll_usb.o(i.USB_GetMode)
    USB_HC_Halt                              0x08003e9b   Thumb Code   374  stm32f7xx_ll_usb.o(i.USB_HC_Halt)
    USB_HC_ReadInterrupt                     0x08004011   Thumb Code    14  stm32f7xx_ll_usb.o(i.USB_HC_ReadInterrupt)
    USB_InitFSLSPClkSel                      0x0800401f   Thumb Code    68  stm32f7xx_ll_usb.o(i.USB_InitFSLSPClkSel)
    USB_ReadInterrupts                       0x08004063   Thumb Code    10  stm32f7xx_ll_usb.o(i.USB_ReadInterrupts)
    USB_ReadPacket                           0x0800406d   Thumb Code    34  stm32f7xx_ll_usb.o(i.USB_ReadPacket)
    USB_StopHost                             0x0800408f   Thumb Code   180  stm32f7xx_ll_usb.o(i.USB_StopHost)
    UsageFault_Handler                       0x08004143   Thumb Code     4  stm32f7xx_it.o(i.UsageFault_Handler)
    _Error_Handler                           0x08004147   Thumb Code     4  main.o(i._Error_Handler)
    __scatterload_copy                       0x0800414b   Thumb Code    14  handlers.o(i.__scatterload_copy)
    __scatterload_null                       0x08004159   Thumb Code     2  handlers.o(i.__scatterload_null)
    __scatterload_zeroinit                   0x0800415b   Thumb Code    14  handlers.o(i.__scatterload_zeroinit)
    libMetalDetector_GetDetectorState        0x08004179   Thumb Code   176  libmetaldetector.o(i.libMetalDetector_GetDetectorState)
    libMetalDetector_Median_Filter           0x0800422d   Thumb Code    84  libmetaldetector.o(i.libMetalDetector_Median_Filter)
    libMetalDetector_Moving_Average          0x08004281   Thumb Code    74  libmetaldetector.o(i.libMetalDetector_Moving_Average)
    main                                     0x0800439d   Thumb Code   124  main.o(i.main)
    modCalib_CalibrationTask                 0x08004471   Thumb Code    80  modcalib.o(i.modCalib_CalibrationTask)
    modCalib_Init                            0x080047b5   Thumb Code    60  modcalib.o(i.modCalib_Init)
    modConfig_Init                           0x0800481f   Thumb Code    66  modconfig.o(i.modConfig_Init)
    modSysMon_Init                           0x080048a1   Thumb Code    40  modsysmon.o(i.modSysMon_Init)
    modSysMon_SystemMonitorTask              0x0800491d   Thumb Code    92  modsysmon.o(i.modSysMon_SystemMonitorTask)
    modUserCon_AlertLedOff                   0x080049c5   Thumb Code    46  modusercon.o(i.modUserCon_AlertLedOff)
    modUserCon_AlertLedOn                    0x08004a01   Thumb Code   178  modusercon.o(i.modUserCon_AlertLedOn)
    modUserCon_BuzzerOff                     0x08004ac1   Thumb Code     2  modusercon.o(i.modUserCon_BuzzerOff)
    modUserCon_CalibrationFailLedOff         0x08004ac5   Thumb Code    14  modusercon.o(i.modUserCon_CalibrationFailLedOff)
    modUserCon_CalibrationFailLedOn          0x08004ad9   Thumb Code    14  modusercon.o(i.modUserCon_CalibrationFailLedOn)
    modUserCon_CalibrationLedOff             0x08004aed   Thumb Code    14  modusercon.o(i.modUserCon_CalibrationLedOff)
    modUserCon_CalibrationLedOn              0x08004b01   Thumb Code    14  modusercon.o(i.modUserCon_CalibrationLedOn)
    modUserCon_CalibrationModeLedBlink       0x08004b15   Thumb Code    42  modusercon.o(i.modUserCon_CalibrationModeLedBlink)
    modUserCon_CalibrationPassLedBlink       0x08004b45   Thumb Code    42  modusercon.o(i.modUserCon_CalibrationPassLedBlink)
    modUserCon_GetCalibrationButtonState     0x08004b75   Thumb Code    38  modusercon.o(i.modUserCon_GetCalibrationButtonState)
    modUserCon_GetCalibrationModeButtonState 0x08004ba1   Thumb Code    34  modusercon.o(i.modUserCon_GetCalibrationModeButtonState)
    modUserCon_Init                          0x08004bc9   Thumb Code    20  modusercon.o(i.modUserCon_Init)
    modUserCon_MonitorModeLedOn              0x08004bdd   Thumb Code     2  modusercon.o(i.modUserCon_MonitorModeLedOn)
    osDelay                                  0x08004bdf   Thumb Code    28  cmsis_os.o(i.osDelay)
    osDelayUntil                             0x08004bfb   Thumb Code    32  cmsis_os.o(i.osDelayUntil)
    osKernelStart                            0x08004c1b   Thumb Code    10  cmsis_os.o(i.osKernelStart)
    osKernelSysTick                          0x08004c25   Thumb Code    20  cmsis_os.o(i.osKernelSysTick)
    osMessagePut                             0x08004c39   Thumb Code    96  cmsis_os.o(i.osMessagePut)
    osSystickHandler                         0x08004c9d   Thumb Code    16  cmsis_os.o(i.osSystickHandler)
    osThreadCreate                           0x08004cad   Thumb Code    48  cmsis_os.o(i.osThreadCreate)
    pvPortMalloc                             0x0800525d   Thumb Code   308  heap_4.o(i.pvPortMalloc)
    pxPortInitialiseStack                    0x080053a5   Thumb Code    38  port.o(i.pxPortInitialiseStack)
    uxListRemove                             0x080053d1   Thumb Code    40  list.o(i.uxListRemove)
    vListInitialise                          0x080053f9   Thumb Code    26  list.o(i.vListInitialise)
    vListInitialiseItem                      0x08005413   Thumb Code     6  list.o(i.vListInitialiseItem)
    vListInsert                              0x08005419   Thumb Code    52  list.o(i.vListInsert)
    vListInsertEnd                           0x0800544d   Thumb Code    24  list.o(i.vListInsertEnd)
    vPortEnterCritical                       0x08005465   Thumb Code    84  port.o(i.vPortEnterCritical)
    vPortExitCritical                        0x080054c1   Thumb Code    60  port.o(i.vPortExitCritical)
    vPortFree                                0x08005501   Thumb Code   148  heap_4.o(i.vPortFree)
    vPortSetupTimerInterrupt                 0x0800559d   Thumb Code    24  port.o(i.vPortSetupTimerInterrupt)
    vPortValidateInterruptPriority           0x080055b9   Thumb Code   114  port.o(i.vPortValidateInterruptPriority)
    vTaskDelay                               0x08005639   Thumb Code    86  tasks.o(i.vTaskDelay)
    vTaskDelayUntil                          0x08005699   Thumb Code   212  tasks.o(i.vTaskDelayUntil)
    vTaskMissedYield                         0x08005779   Thumb Code     8  tasks.o(i.vTaskMissedYield)
    vTaskPlaceOnEventList                    0x08005785   Thumb Code    56  tasks.o(i.vTaskPlaceOnEventList)
    vTaskSetTimeOutState                     0x080057c1   Thumb Code    42  tasks.o(i.vTaskSetTimeOutState)
    vTaskStartScheduler                      0x080057f5   Thumb Code   116  tasks.o(i.vTaskStartScheduler)
    vTaskSuspendAll                          0x08005885   Thumb Code    12  tasks.o(i.vTaskSuspendAll)
    vTaskSwitchContext                       0x08005895   Thumb Code   122  tasks.o(i.vTaskSwitchContext)
    xPortStartScheduler                      0x08005925   Thumb Code   206  port.o(i.xPortStartScheduler)
    xPortSysTickHandler                      0x08005a0d   Thumb Code    50  port.o(i.xPortSysTickHandler)
    xQueueGenericSend                        0x08005a45   Thumb Code   436  queue.o(i.xQueueGenericSend)
    xQueueGenericSendFromISR                 0x08005bfd   Thumb Code   264  queue.o(i.xQueueGenericSendFromISR)
    xTaskCheckForTimeOut                     0x08005d05   Thumb Code   140  tasks.o(i.xTaskCheckForTimeOut)
    xTaskCreate                              0x08005d99   Thumb Code    96  tasks.o(i.xTaskCreate)
    xTaskGetSchedulerState                   0x08005df9   Thumb Code    24  tasks.o(i.xTaskGetSchedulerState)
    xTaskGetTickCount                        0x08005e19   Thumb Code     6  tasks.o(i.xTaskGetTickCount)
    xTaskGetTickCountFromISR                 0x08005e25   Thumb Code    16  tasks.o(i.xTaskGetTickCountFromISR)
    xTaskIncrementTick                       0x08005e39   Thumb Code   286  tasks.o(i.xTaskIncrementTick)
    xTaskPriorityDisinherit                  0x08005f85   Thumb Code   196  tasks.o(i.xTaskPriorityDisinherit)
    xTaskRemoveFromEventList                 0x08006055   Thumb Code   132  tasks.o(i.xTaskRemoveFromEventList)
    xTaskResumeAll                           0x080060f1   Thumb Code   228  tasks.o(i.xTaskResumeAll)
    AHBPrescTable                            0x080061f8   Data          16  system_stm32f7xx.o(.constdata)
    APBPrescTable                            0x08006208   Data           8  system_stm32f7xx.o(.constdata)
    Region$$Table$$Base                      0x08006248   Number         0  anon$$obj.o(Region$$Table)
    Region$$Table$$Limit                     0x08006268   Number         0  anon$$obj.o(Region$$Table)
    SystemCoreClock                          0x20000000   Data           4  system_stm32f7xx.o(.data)
    uwTick                                   0x20000004   Data           4  stm32f7xx_hal.o(.data)
    uwTickPrio                               0x20000008   Data           4  stm32f7xx_hal.o(.data)
    uwTickFreq                               0x2000000c   Data           1  stm32f7xx_hal.o(.data)
    ADC_Flag                                 0x20000010   Data           4  adc.o(.data)
    defaulttaskHandle                        0x20000014   Data           4  freertos.o(.data)
    usbTaskHandle                            0x20000018   Data           4  freertos.o(.data)
    MonitorSemHandle                         0x2000001c   Data           4  freertos.o(.data)
    pxCurrentTCB                             0x20000060   Data           4  tasks.o(.data)
    ADC_DMA_Buffer                           0x2000009c   Data          10  adc.o(.bss)
    hadc1                                    0x200000a8   Data          72  adc.o(.bss)
    hdma_adc1                                0x200000f0   Data          96  adc.o(.bss)
    Detector_Data                            0x20000150   Data          76  freertos.o(.bss)
    hhcd_USB_OTG_FS                          0x2000019c   Data         704  usbh_conf.o(.bss)
    htim1                                    0x2000045c   Data          64  stm32f7xx_hal_timebase_tim.o(.bss)
    Normal_Mode_Sample_Buffer                0x2000049c   Data        2400  modsysmon.o(.bss)
    __initial_sp                             0x200094f8   Data           0  startup_stm32f746xx.o(STACK)



==============================================================================

Memory Map of the image

  Image Entry point : 0x080001c9

  Load Region LR_IROM1 (Base: 0x08000000, Size: 0x00006304, Max: 0x00100000, ABSOLUTE)

    Execution Region ER_IROM1 (Exec base: 0x08000000, Load base: 0x08000000, Size: 0x00006268, Max: 0x00100000, ABSOLUTE)

    Exec Addr    Load Addr    Size         Type   Attr      Idx    E Section Name        Object

    0x08000000   0x08000000   0x000001c8   Data   RO         3428    RESET               startup_stm32f746xx.o
    0x080001c8   0x080001c8   0x00000000   Code   RO         7067  * .ARM.Collect$$$$00000000  mc_w.l(entry.o)
    0x080001c8   0x080001c8   0x00000004   Code   RO         7106    .ARM.Collect$$$$00000001  mc_w.l(entry2.o)
    0x080001cc   0x080001cc   0x00000004   Code   RO         7109    .ARM.Collect$$$$00000004  mc_w.l(entry5.o)
    0x080001d0   0x080001d0   0x00000000   Code   RO         7111    .ARM.Collect$$$$00000008  mc_w.l(entry7b.o)
    0x080001d0   0x080001d0   0x00000000   Code   RO         7113    .ARM.Collect$$$$0000000A  mc_w.l(entry8b.o)
    0x080001d0   0x080001d0   0x00000008   Code   RO         7114    .ARM.Collect$$$$0000000B  mc_w.l(entry9a.o)
    0x080001d8   0x080001d8   0x00000000   Code   RO         7116    .ARM.Collect$$$$0000000D  mc_w.l(entry10a.o)
    0x080001d8   0x080001d8   0x00000000   Code   RO         7118    .ARM.Collect$$$$0000000F  mc_w.l(entry11a.o)
    0x080001d8   0x080001d8   0x00000004   Code   RO         7107    .ARM.Collect$$$$00002712  mc_w.l(entry2.o)
    0x080001dc   0x080001dc   0x000000ba   Code   RO         5444    .emb_text           port.o
    0x08000296   0x08000296   0x00000002   PAD
    0x08000298   0x08000298   0x00000024   Code   RO         3429    .text               startup_stm32f746xx.o
    0x080002bc   0x080002bc   0x00000062   Code   RO         7070    .text               mc_w.l(uldiv.o)
    0x0800031e   0x0800031e   0x00000024   Code   RO         7072    .text               mc_w.l(memcpya.o)
    0x08000342   0x08000342   0x00000024   Code   RO         7074    .text               mc_w.l(memseta.o)
    0x08000366   0x08000366   0x0000001e   Code   RO         7120    .text               mc_w.l(llshl.o)
    0x08000384   0x08000384   0x00000020   Code   RO         7122    .text               mc_w.l(llushr.o)
    0x080003a4   0x080003a4   0x00000024   Code   RO         7126    .text               mc_w.l(init.o)
    0x080003c8   0x080003c8   0x0000006e   Code   RO          625    i.ADC_DMAConvCplt   stm32f7xx_hal_adc.o
    0x08000436   0x08000436   0x0000001a   Code   RO          626    i.ADC_DMAError      stm32f7xx_hal_adc.o
    0x08000450   0x08000450   0x0000000e   Code   RO          627    i.ADC_DMAHalfConvCplt  stm32f7xx_hal_adc.o
    0x0800045e   0x0800045e   0x00000002   PAD
    0x08000460   0x08000460   0x0000016c   Code   RO          628    i.ADC_Init          stm32f7xx_hal_adc.o
    0x080005cc   0x080005cc   0x00000004   Code   RO         4277    i.BusFault_Handler  stm32f7xx_it.o
    0x080005d0   0x080005d0   0x00000018   Code   RO         4278    i.DMA2_Stream0_IRQHandler  stm32f7xx_it.o
    0x080005e8   0x080005e8   0x00000034   Code   RO         2413    i.DMA_CalcBaseAndBitshift  stm32f7xx_hal_dma.o
    0x0800061c   0x0800061c   0x000000aa   Code   RO         2414    i.DMA_CheckFifoParam  stm32f7xx_hal_dma.o
    0x080006c6   0x080006c6   0x0000002c   Code   RO         2415    i.DMA_SetConfig     stm32f7xx_hal_dma.o
    0x080006f2   0x080006f2   0x00000002   Code   RO         4279    i.DebugMon_Handler  stm32f7xx_it.o
    0x080006f4   0x080006f4   0x00000060   Code   RO         3627    i.Get_ADC_Data      adc.o
    0x08000754   0x08000754   0x000001b4   Code   RO          630    i.HAL_ADC_ConfigChannel  stm32f7xx_hal_adc.o
    0x08000908   0x08000908   0x00000002   Code   RO          631    i.HAL_ADC_ConvCpltCallback  stm32f7xx_hal_adc.o
    0x0800090a   0x0800090a   0x00000002   Code   RO          632    i.HAL_ADC_ConvHalfCpltCallback  stm32f7xx_hal_adc.o
    0x0800090c   0x0800090c   0x00000002   Code   RO          634    i.HAL_ADC_ErrorCallback  stm32f7xx_hal_adc.o
    0x0800090e   0x0800090e   0x00000002   PAD
    0x08000910   0x08000910   0x00000068   Code   RO          639    i.HAL_ADC_Init      stm32f7xx_hal_adc.o
    0x08000978   0x08000978   0x000000a8   Code   RO         3629    i.HAL_ADC_MspInit   adc.o
    0x08000a20   0x08000a20   0x00000148   Code   RO          646    i.HAL_ADC_Start_DMA  stm32f7xx_hal_adc.o
    0x08000b68   0x08000b68   0x0000006c   Code   RO          649    i.HAL_ADC_Stop_DMA  stm32f7xx_hal_adc.o
    0x08000bd4   0x08000bd4   0x000000aa   Code   RO         2416    i.HAL_DMA_Abort     stm32f7xx_hal_dma.o
    0x08000c7e   0x08000c7e   0x00000002   PAD
    0x08000c80   0x08000c80   0x00000240   Code   RO         2421    i.HAL_DMA_IRQHandler  stm32f7xx_hal_dma.o
    0x08000ec0   0x08000ec0   0x000000ec   Code   RO         2422    i.HAL_DMA_Init      stm32f7xx_hal_dma.o
    0x08000fac   0x08000fac   0x0000009e   Code   RO         2426    i.HAL_DMA_Start_IT  stm32f7xx_hal_dma.o
    0x0800104a   0x0800104a   0x00000002   PAD
    0x0800104c   0x0800104c   0x00000028   Code   RO         2783    i.HAL_Delay         stm32f7xx_hal.o
    0x08001074   0x08001074   0x00000218   Code   RO         2350    i.HAL_GPIO_Init     stm32f7xx_hal_gpio.o
    0x0800128c   0x0800128c   0x00000010   Code   RO         2352    i.HAL_GPIO_ReadPin  stm32f7xx_hal_gpio.o
    0x0800129c   0x0800129c   0x00000008   Code   RO         2353    i.HAL_GPIO_TogglePin  stm32f7xx_hal_gpio.o
    0x080012a4   0x080012a4   0x0000000c   Code   RO         2354    i.HAL_GPIO_WritePin  stm32f7xx_hal_gpio.o
    0x080012b0   0x080012b0   0x0000000c   Code   RO         2791    i.HAL_GetTick       stm32f7xx_hal.o
    0x080012bc   0x080012bc   0x0000000e   Code   RO         4085    i.HAL_HCD_Connect_Callback  usbh_conf.o
    0x080012ca   0x080012ca   0x0000000e   Code   RO         4086    i.HAL_HCD_Disconnect_Callback  usbh_conf.o
    0x080012d8   0x080012d8   0x00000012   Code   RO         4087    i.HAL_HCD_HC_NotifyURBChange_Callback  usbh_conf.o
    0x080012ea   0x080012ea   0x0000016c   Code   RO          158    i.HAL_HCD_IRQHandler  stm32f7xx_hal_hcd.o
    0x08001456   0x08001456   0x0000000e   Code   RO         4090    i.HAL_HCD_PortDisabled_Callback  usbh_conf.o
    0x08001464   0x08001464   0x0000000e   Code   RO         4091    i.HAL_HCD_PortEnabled_Callback  usbh_conf.o
    0x08001472   0x08001472   0x0000000e   Code   RO         4092    i.HAL_HCD_SOF_Callback  usbh_conf.o
    0x08001480   0x08001480   0x00000036   Code   RO          166    i.HAL_HCD_Start     stm32f7xx_hal_hcd.o
    0x080014b6   0x080014b6   0x0000002e   Code   RO          167    i.HAL_HCD_Stop      stm32f7xx_hal_hcd.o
    0x080014e4   0x080014e4   0x00000018   Code   RO         2797    i.HAL_IncTick       stm32f7xx_hal.o
    0x080014fc   0x080014fc   0x00000016   Code   RO         2798    i.HAL_Init          stm32f7xx_hal.o
    0x08001512   0x08001512   0x00000002   PAD
    0x08001514   0x08001514   0x00000088   Code   RO         4383    i.HAL_InitTick      stm32f7xx_hal_timebase_tim.o
    0x0800159c   0x0800159c   0x00000094   Code   RO         4359    i.HAL_MspInit       stm32f7xx_hal_msp.o
    0x08001630   0x08001630   0x0000001a   Code   RO          905    i.HAL_NVIC_EnableIRQ  stm32f7xx_hal_cortex.o
    0x0800164a   0x0800164a   0x0000007c   Code   RO          911    i.HAL_NVIC_SetPriority  stm32f7xx_hal_cortex.o
    0x080016c6   0x080016c6   0x00000002   PAD
    0x080016c8   0x080016c8   0x00000028   Code   RO          912    i.HAL_NVIC_SetPriorityGrouping  stm32f7xx_hal_cortex.o
    0x080016f0   0x080016f0   0x00000090   Code   RO         2690    i.HAL_PWREx_EnableOverDrive  stm32f7xx_hal_pwr_ex.o
    0x08001780   0x08001780   0x000006e0   Code   RO         2066    i.HAL_RCCEx_PeriphCLKConfig  stm32f7xx_hal_rcc_ex.o
    0x08001e60   0x08001e60   0x00000190   Code   RO         1959    i.HAL_RCC_ClockConfig  stm32f7xx_hal_rcc.o
    0x08001ff0   0x08001ff0   0x00000044   Code   RO         1963    i.HAL_RCC_GetClockConfig  stm32f7xx_hal_rcc.o
    0x08002034   0x08002034   0x0000000c   Code   RO         1964    i.HAL_RCC_GetHCLKFreq  stm32f7xx_hal_rcc.o
    0x08002040   0x08002040   0x00000020   Code   RO         1967    i.HAL_RCC_GetPCLK2Freq  stm32f7xx_hal_rcc.o
    0x08002060   0x08002060   0x000000b0   Code   RO         1968    i.HAL_RCC_GetSysClockFreq  stm32f7xx_hal_rcc.o
    0x08002110   0x08002110   0x000004b4   Code   RO         1971    i.HAL_RCC_OscConfig  stm32f7xx_hal_rcc.o
    0x080025c4   0x080025c4   0x00000028   Code   RO          914    i.HAL_SYSTICK_CLKSourceConfig  stm32f7xx_hal_cortex.o
    0x080025ec   0x080025ec   0x00000034   Code   RO          916    i.HAL_SYSTICK_Config  stm32f7xx_hal_cortex.o
    0x08002620   0x08002620   0x00000002   Code   RO         1685    i.HAL_TIMEx_BreakCallback  stm32f7xx_hal_tim_ex.o
    0x08002622   0x08002622   0x00000002   Code   RO         1686    i.HAL_TIMEx_CommutationCallback  stm32f7xx_hal_tim_ex.o
    0x08002624   0x08002624   0x00000034   Code   RO         1042    i.HAL_TIM_Base_Init  stm32f7xx_hal_tim.o
    0x08002658   0x08002658   0x00000002   Code   RO         1044    i.HAL_TIM_Base_MspInit  stm32f7xx_hal_tim.o
    0x0800265a   0x0800265a   0x0000001e   Code   RO         1047    i.HAL_TIM_Base_Start_IT  stm32f7xx_hal_tim.o
    0x08002678   0x08002678   0x00000002   Code   RO         1071    i.HAL_TIM_IC_CaptureCallback  stm32f7xx_hal_tim.o
    0x0800267a   0x0800267a   0x000001b8   Code   RO         1084    i.HAL_TIM_IRQHandler  stm32f7xx_hal_tim.o
    0x08002832   0x08002832   0x00000002   Code   RO         1087    i.HAL_TIM_OC_DelayElapsedCallback  stm32f7xx_hal_tim.o
    0x08002834   0x08002834   0x00000002   Code   RO         1114    i.HAL_TIM_PWM_PulseFinishedCallback  stm32f7xx_hal_tim.o
    0x08002836   0x08002836   0x00000002   PAD
    0x08002838   0x08002838   0x00000018   Code   RO         3436    i.HAL_TIM_PeriodElapsedCallback  main.o
    0x08002850   0x08002850   0x00000002   Code   RO         1125    i.HAL_TIM_TriggerCallback  stm32f7xx_hal_tim.o
    0x08002852   0x08002852   0x00000570   Code   RO          168    i.HCD_HC_IN_IRQHandler  stm32f7xx_hal_hcd.o
    0x08002dc2   0x08002dc2   0x00000538   Code   RO          169    i.HCD_HC_OUT_IRQHandler  stm32f7xx_hal_hcd.o
    0x080032fa   0x080032fa   0x000000e0   Code   RO          170    i.HCD_Port_IRQHandler  stm32f7xx_hal_hcd.o
    0x080033da   0x080033da   0x00000002   PAD
    0x080033dc   0x080033dc   0x00000108   Code   RO          171    i.HCD_RXQLVL_IRQHandler  stm32f7xx_hal_hcd.o
    0x080034e4   0x080034e4   0x00000004   Code   RO         4280    i.HardFault_Handler  stm32f7xx_it.o
    0x080034e8   0x080034e8   0x00000018   Code   RO         3805    i.Init_System       freertos.o
    0x08003500   0x08003500   0x000000cc   Code   RO         3630    i.MX_ADC1_Init      adc.o
    0x080035cc   0x080035cc   0x00000034   Code   RO         3676    i.MX_DMA_Init       dma.o
    0x08003600   0x08003600   0x00000028   Code   RO         3806    i.MX_FREERTOS_Init  freertos.o
    0x08003628   0x08003628   0x000002a4   Code   RO         3603    i.MX_GPIO_Init      gpio.o
    0x080038cc   0x080038cc   0x00000004   Code   RO         4281    i.MemManage_Handler  stm32f7xx_it.o
    0x080038d0   0x080038d0   0x0000003c   Code   RO         3807    i.MonitoringTask    freertos.o
    0x0800390c   0x0800390c   0x00000002   Code   RO         4282    i.NMI_Handler       stm32f7xx_it.o
    0x0800390e   0x0800390e   0x00000002   PAD
    0x08003910   0x08003910   0x00000010   Code   RO          918    i.NVIC_GetPriorityGrouping  stm32f7xx_hal_cortex.o
    0x08003920   0x08003920   0x00000028   Code   RO          919    i.NVIC_SetPriority  stm32f7xx_hal_cortex.o
    0x08003948   0x08003948   0x00000010   Code   RO         4283    i.OTG_FS_IRQHandler  stm32f7xx_it.o
    0x08003958   0x08003958   0x0000009c   Code   RO         3437    i.SCB_EnableDCache  main.o
    0x080039f4   0x080039f4   0x00000008   Code   RO         4284    i.SysTick_Handler   stm32f7xx_it.o
    0x080039fc   0x080039fc   0x000000fc   Code   RO         3438    i.SystemClock_Config  main.o
    0x08003af8   0x08003af8   0x00000064   Code   RO            5    i.SystemInit        system_stm32f7xx.o
    0x08003b5c   0x08003b5c   0x00000010   Code   RO         4285    i.TIM1_UP_TIM10_IRQHandler  stm32f7xx_it.o
    0x08003b6c   0x08003b6c   0x000000f0   Code   RO         1126    i.TIM_Base_SetConfig  stm32f7xx_hal_tim.o
    0x08003c5c   0x08003c5c   0x0000001e   Code   RO         6824    i.USBH_FreePipe     usbh_pipes.o
    0x08003c7a   0x08003c7a   0x0000001c   Code   RO         6488    i.USBH_HandleSof    usbh_core.o
    0x08003c96   0x08003c96   0x0000003c   Code   RO         6491    i.USBH_LL_Connect   usbh_core.o
    0x08003cd2   0x08003cd2   0x0000004a   Code   RO         6492    i.USBH_LL_Disconnect  usbh_core.o
    0x08003d1c   0x08003d1c   0x00000016   Code   RO         6493    i.USBH_LL_IncTimer  usbh_core.o
    0x08003d32   0x08003d32   0x00000014   Code   RO         6494    i.USBH_LL_NotifyURBChange  usbh_core.o
    0x08003d46   0x08003d46   0x00000008   Code   RO         6495    i.USBH_LL_PortDisabled  usbh_core.o
    0x08003d4e   0x08003d4e   0x00000008   Code   RO         6496    i.USBH_LL_PortEnabled  usbh_core.o
    0x08003d56   0x08003d56   0x0000003c   Code   RO         4105    i.USBH_LL_Start     usbh_conf.o
    0x08003d92   0x08003d92   0x0000003c   Code   RO         4106    i.USBH_LL_Stop      usbh_conf.o
    0x08003dce   0x08003dce   0x0000000e   Code   RO          338    i.USB_DisableGlobalInt  stm32f7xx_ll_usb.o
    0x08003ddc   0x08003ddc   0x0000004a   Code   RO          340    i.USB_DriveVbus     stm32f7xx_ll_usb.o
    0x08003e26   0x08003e26   0x0000000e   Code   RO          346    i.USB_EnableGlobalInt  stm32f7xx_ll_usb.o
    0x08003e34   0x08003e34   0x0000002c   Code   RO          347    i.USB_FlushRxFifo   stm32f7xx_ll_usb.o
    0x08003e60   0x08003e60   0x00000030   Code   RO          348    i.USB_FlushTxFifo   stm32f7xx_ll_usb.o
    0x08003e90   0x08003e90   0x0000000a   Code   RO          352    i.USB_GetMode       stm32f7xx_ll_usb.o
    0x08003e9a   0x08003e9a   0x00000176   Code   RO          353    i.USB_HC_Halt       stm32f7xx_ll_usb.o
    0x08004010   0x08004010   0x0000000e   Code   RO          355    i.USB_HC_ReadInterrupt  stm32f7xx_ll_usb.o
    0x0800401e   0x0800401e   0x00000044   Code   RO          358    i.USB_InitFSLSPClkSel  stm32f7xx_ll_usb.o
    0x08004062   0x08004062   0x0000000a   Code   RO          363    i.USB_ReadInterrupts  stm32f7xx_ll_usb.o
    0x0800406c   0x0800406c   0x00000022   Code   RO          364    i.USB_ReadPacket    stm32f7xx_ll_usb.o
    0x0800408e   0x0800408e   0x000000b4   Code   RO          370    i.USB_StopHost      stm32f7xx_ll_usb.o
    0x08004142   0x08004142   0x00000004   Code   RO         4286    i.UsageFault_Handler  stm32f7xx_it.o
    0x08004146   0x08004146   0x00000004   Code   RO         3439    i._Error_Handler    main.o
    0x0800414a   0x0800414a   0x0000000e   Code   RO         7130    i.__scatterload_copy  mc_w.l(handlers.o)
    0x08004158   0x08004158   0x00000002   Code   RO         7131    i.__scatterload_null  mc_w.l(handlers.o)
    0x0800415a   0x0800415a   0x0000000e   Code   RO         7132    i.__scatterload_zeroinit  mc_w.l(handlers.o)
    0x08004168   0x08004168   0x00000010   Code   RO         6104    i.inHandlerMode     cmsis_os.o
    0x08004178   0x08004178   0x000000b4   Code   RO         4744    i.libMetalDetector_GetDetectorState  libmetaldetector.o
    0x0800422c   0x0800422c   0x00000054   Code   RO         4745    i.libMetalDetector_Median_Filter  libmetaldetector.o
    0x08004280   0x08004280   0x0000004a   Code   RO         4746    i.libMetalDetector_Moving_Average  libmetaldetector.o
    0x080042ca   0x080042ca   0x00000038   Code   RO         4747    i.libMetalDetector_Sort_Median_Values  libmetaldetector.o
    0x08004302   0x08004302   0x0000009a   Code   RO         4748    i.libMetalDetector_UpdateUpdownCounter  libmetaldetector.o
    0x0800439c   0x0800439c   0x00000084   Code   RO         3440    i.main              main.o
    0x08004420   0x08004420   0x0000000e   Code   RO         6106    i.makeFreeRtosPriority  cmsis_os.o
    0x0800442e   0x0800442e   0x00000008   Code   RO         4534    i.modCalib_CalculateCalibrationData  modcalib.o
    0x08004436   0x08004436   0x00000002   PAD
    0x08004438   0x08004438   0x00000038   Code   RO         4535    i.modCalib_CalibrationModeSelectTask  modcalib.o
    0x08004470   0x08004470   0x00000054   Code   RO         4536    i.modCalib_CalibrationTask  modcalib.o
    0x080044c4   0x080044c4   0x00000058   Code   RO         4537    i.modCalib_CheckDataValidity  modcalib.o
    0x0800451c   0x0800451c   0x00000070   Code   RO         4538    i.modCalib_Check_DetectedTickTimeout  modcalib.o
    0x0800458c   0x0800458c   0x000000c4   Code   RO         4539    i.modCalib_Check_FlickerTickTimeout  modcalib.o
    0x08004650   0x08004650   0x00000020   Code   RO         4540    i.modCalib_GetAutoCalibrationTrigger  modcalib.o
    0x08004670   0x08004670   0x00000030   Code   RO         4541    i.modCalib_GetCalibrationSamples  modcalib.o
    0x080046a0   0x080046a0   0x00000008   Code   RO         4542    i.modCalib_GetTrigger  modcalib.o
    0x080046a8   0x080046a8   0x000000e4   Code   RO         4543    i.modCalib_Get_Mean_Min_Max  modcalib.o
    0x0800478c   0x0800478c   0x00000026   Code   RO         4544    i.modCalib_HandleCalibrationLedTask  modcalib.o
    0x080047b2   0x080047b2   0x00000002   PAD
    0x080047b4   0x080047b4   0x00000050   Code   RO         4545    i.modCalib_Init     modcalib.o
    0x08004804   0x08004804   0x00000018   Code   RO         4546    i.modCalib_MedianFilter  modcalib.o
    0x0800481c   0x0800481c   0x00000002   Code   RO         4547    i.modCalib_StoreCalibrationData  modcalib.o
    0x0800481e   0x0800481e   0x00000042   Code   RO         4420    i.modConfig_Init    modconfig.o
    0x08004860   0x08004860   0x00000018   Code   RO         4441    i.modSysMon_CheckForStateChange  modsysmon.o
    0x08004878   0x08004878   0x00000014   Code   RO         4442    i.modSysMon_DetectForIntensity  modsysmon.o
    0x0800488c   0x0800488c   0x00000014   Code   RO         4443    i.modSysMon_GetNormalModeSamples  modsysmon.o
    0x080048a0   0x080048a0   0x00000030   Code   RO         4444    i.modSysMon_Init    modsysmon.o
    0x080048d0   0x080048d0   0x00000018   Code   RO         4445    i.modSysMon_MedianFilter  modsysmon.o
    0x080048e8   0x080048e8   0x00000020   Code   RO         4446    i.modSysMon_MovingAverage  modsysmon.o
    0x08004908   0x08004908   0x00000014   Code   RO         4447    i.modSysMon_ResetUpdownCounter  modsysmon.o
    0x0800491c   0x0800491c   0x00000060   Code   RO         4448    i.modSysMon_SystemMonitorTask  modsysmon.o
    0x0800497c   0x0800497c   0x00000034   Code   RO         4449    i.modSysMon_UpdateOverallState  modsysmon.o
    0x080049b0   0x080049b0   0x00000014   Code   RO         4450    i.modSysMon_UpdateStateToUser  modsysmon.o
    0x080049c4   0x080049c4   0x0000003c   Code   RO         4627    i.modUserCon_AlertLedOff  modusercon.o
    0x08004a00   0x08004a00   0x000000c0   Code   RO         4628    i.modUserCon_AlertLedOn  modusercon.o
    0x08004ac0   0x08004ac0   0x00000002   Code   RO         4629    i.modUserCon_BuzzerOff  modusercon.o
    0x08004ac2   0x08004ac2   0x00000002   PAD
    0x08004ac4   0x08004ac4   0x00000014   Code   RO         4631    i.modUserCon_CalibrationFailLedOff  modusercon.o
    0x08004ad8   0x08004ad8   0x00000014   Code   RO         4632    i.modUserCon_CalibrationFailLedOn  modusercon.o
    0x08004aec   0x08004aec   0x00000014   Code   RO         4633    i.modUserCon_CalibrationLedOff  modusercon.o
    0x08004b00   0x08004b00   0x00000014   Code   RO         4634    i.modUserCon_CalibrationLedOn  modusercon.o
    0x08004b14   0x08004b14   0x00000030   Code   RO         4635    i.modUserCon_CalibrationModeLedBlink  modusercon.o
    0x08004b44   0x08004b44   0x00000030   Code   RO         4636    i.modUserCon_CalibrationPassLedBlink  modusercon.o
    0x08004b74   0x08004b74   0x0000002c   Code   RO         4637    i.modUserCon_GetCalibrationButtonState  modusercon.o
    0x08004ba0   0x08004ba0   0x00000028   Code   RO         4638    i.modUserCon_GetCalibrationModeButtonState  modusercon.o
    0x08004bc8   0x08004bc8   0x00000014   Code   RO         4639    i.modUserCon_Init   modusercon.o
    0x08004bdc   0x08004bdc   0x00000002   Code   RO         4641    i.modUserCon_MonitorModeLedOn  modusercon.o
    0x08004bde   0x08004bde   0x0000001c   Code   RO         6108    i.osDelay           cmsis_os.o
    0x08004bfa   0x08004bfa   0x00000020   Code   RO         6109    i.osDelayUntil      cmsis_os.o
    0x08004c1a   0x08004c1a   0x0000000a   Code   RO         6111    i.osKernelStart     cmsis_os.o
    0x08004c24   0x08004c24   0x00000014   Code   RO         6112    i.osKernelSysTick   cmsis_os.o
    0x08004c38   0x08004c38   0x00000064   Code   RO         6124    i.osMessagePut      cmsis_os.o
    0x08004c9c   0x08004c9c   0x00000010   Code   RO         6144    i.osSystickHandler  cmsis_os.o
    0x08004cac   0x08004cac   0x00000030   Code   RO         6145    i.osThreadCreate    cmsis_os.o
    0x08004cdc   0x08004cdc   0x00000098   Code   RO         5805    i.prvAddCurrentTaskToDelayedList  tasks.o
    0x08004d74   0x08004d74   0x000000b4   Code   RO         5806    i.prvAddNewTaskToReadyList  tasks.o
    0x08004e28   0x08004e28   0x00000064   Code   RO         5807    i.prvCheckTasksWaitingTermination  tasks.o
    0x08004e8c   0x08004e8c   0x0000007c   Code   RO         5651    i.prvCopyDataToQueue  queue.o
    0x08004f08   0x08004f08   0x00000012   Code   RO         5808    i.prvDeleteTCB      tasks.o
    0x08004f1a   0x08004f1a   0x00000002   PAD
    0x08004f1c   0x08004f1c   0x0000007c   Code   RO         5373    i.prvHeapInit       heap_4.o
    0x08004f98   0x08004f98   0x00000028   Code   RO         5809    i.prvIdleTask       tasks.o
    0x08004fc0   0x08004fc0   0x000000ae   Code   RO         5810    i.prvInitialiseNewTask  tasks.o
    0x0800506e   0x0800506e   0x00000002   PAD
    0x08005070   0x08005070   0x00000068   Code   RO         5811    i.prvInitialiseTaskLists  tasks.o
    0x080050d8   0x080050d8   0x00000068   Code   RO         5374    i.prvInsertBlockIntoFreeList  heap_4.o
    0x08005140   0x08005140   0x0000001e   Code   RO         5655    i.prvIsQueueFull    queue.o
    0x0800515e   0x0800515e   0x00000002   PAD
    0x08005160   0x08005160   0x00000034   Code   RO         5812    i.prvResetNextTaskUnblockTime  tasks.o
    0x08005194   0x08005194   0x00000048   Code   RO         5445    i.prvTaskExitError  port.o
    0x080051dc   0x080051dc   0x0000007e   Code   RO         5656    i.prvUnlockQueue    queue.o
    0x0800525a   0x0800525a   0x00000002   PAD
    0x0800525c   0x0800525c   0x00000148   Code   RO         5375    i.pvPortMalloc      heap_4.o
    0x080053a4   0x080053a4   0x0000002c   Code   RO         5446    i.pxPortInitialiseStack  port.o
    0x080053d0   0x080053d0   0x00000028   Code   RO         5613    i.uxListRemove      list.o
    0x080053f8   0x080053f8   0x0000001a   Code   RO         5614    i.vListInitialise   list.o
    0x08005412   0x08005412   0x00000006   Code   RO         5615    i.vListInitialiseItem  list.o
    0x08005418   0x08005418   0x00000034   Code   RO         5616    i.vListInsert       list.o
    0x0800544c   0x0800544c   0x00000018   Code   RO         5617    i.vListInsertEnd    list.o
    0x08005464   0x08005464   0x0000005c   Code   RO         5448    i.vPortEnterCritical  port.o
    0x080054c0   0x080054c0   0x00000040   Code   RO         5449    i.vPortExitCritical  port.o
    0x08005500   0x08005500   0x0000009c   Code   RO         5376    i.vPortFree         heap_4.o
    0x0800559c   0x0800559c   0x0000001c   Code   RO         5450    i.vPortSetupTimerInterrupt  port.o
    0x080055b8   0x080055b8   0x00000080   Code   RO         5451    i.vPortValidateInterruptPriority  port.o
    0x08005638   0x08005638   0x00000060   Code   RO         5820    i.vTaskDelay        tasks.o
    0x08005698   0x08005698   0x000000e0   Code   RO         5821    i.vTaskDelayUntil   tasks.o
    0x08005778   0x08005778   0x0000000c   Code   RO         5824    i.vTaskMissedYield  tasks.o
    0x08005784   0x08005784   0x0000003c   Code   RO         5826    i.vTaskPlaceOnEventList  tasks.o
    0x080057c0   0x080057c0   0x00000034   Code   RO         5831    i.vTaskSetTimeOutState  tasks.o
    0x080057f4   0x080057f4   0x00000090   Code   RO         5832    i.vTaskStartScheduler  tasks.o
    0x08005884   0x08005884   0x00000010   Code   RO         5834    i.vTaskSuspendAll   tasks.o
    0x08005894   0x08005894   0x00000090   Code   RO         5835    i.vTaskSwitchContext  tasks.o
    0x08005924   0x08005924   0x000000e8   Code   RO         5452    i.xPortStartScheduler  port.o
    0x08005a0c   0x08005a0c   0x00000038   Code   RO         5453    i.xPortSysTickHandler  port.o
    0x08005a44   0x08005a44   0x000001b8   Code   RO         5667    i.xQueueGenericSend  queue.o
    0x08005bfc   0x08005bfc   0x00000108   Code   RO         5668    i.xQueueGenericSendFromISR  queue.o
    0x08005d04   0x08005d04   0x00000094   Code   RO         5836    i.xTaskCheckForTimeOut  tasks.o
    0x08005d98   0x08005d98   0x00000060   Code   RO         5837    i.xTaskCreate       tasks.o
    0x08005df8   0x08005df8   0x00000020   Code   RO         5841    i.xTaskGetSchedulerState  tasks.o
    0x08005e18   0x08005e18   0x0000000c   Code   RO         5842    i.xTaskGetTickCount  tasks.o
    0x08005e24   0x08005e24   0x00000014   Code   RO         5843    i.xTaskGetTickCountFromISR  tasks.o
    0x08005e38   0x08005e38   0x0000014c   Code   RO         5844    i.xTaskIncrementTick  tasks.o
    0x08005f84   0x08005f84   0x000000d0   Code   RO         5847    i.xTaskPriorityDisinherit  tasks.o
    0x08006054   0x08006054   0x0000009c   Code   RO         5848    i.xTaskRemoveFromEventList  tasks.o
    0x080060f0   0x080060f0   0x00000108   Code   RO         5850    i.xTaskResumeAll    tasks.o
    0x080061f8   0x080061f8   0x00000018   Data   RO            6    .constdata          system_stm32f7xx.o
    0x08006210   0x08006210   0x00000008   Data   RO         2428    .constdata          stm32f7xx_hal_dma.o
    0x08006218   0x08006218   0x00000014   Data   RO         3810    .constdata          freertos.o
    0x0800622c   0x0800622c   0x00000010   Data   RO         4749    .constdata          libmetaldetector.o
    0x0800623c   0x0800623c   0x0000000c   Data   RO         3811    .conststring        freertos.o
    0x08006248   0x08006248   0x00000020   Data   RO         7128    Region$$Table       anon$$obj.o


    Execution Region RW_IRAM1 (Exec base: 0x20000000, Load base: 0x08006268, Size: 0x000094f8, Max: 0x00050000, ABSOLUTE)

    Exec Addr    Load Addr    Size         Type   Attr      Idx    E Section Name        Object

    0x20000000   0x08006268   0x00000004   Data   RW            7    .data               system_stm32f7xx.o
    0x20000004   0x0800626c   0x00000009   Data   RW         2805    .data               stm32f7xx_hal.o
    0x2000000d   0x08006275   0x00000003   PAD
    0x20000010   0x08006278   0x00000004   Data   RW         3632    .data               adc.o
    0x20000014   0x0800627c   0x0000000c   Data   RW         3812    .data               freertos.o
    0x20000020   0x08006288   0x0000000a   Data   RW         4452    .data               modsysmon.o
    0x2000002a   0x08006292   0x00000002   PAD
    0x2000002c   0x08006294   0x00000010   Data   RW         4549    .data               modcalib.o
    0x2000003c   0x080062a4   0x00000018   Data   RW         5381    .data               heap_4.o
    0x20000054   0x080062bc   0x0000000c   Data   RW         5454    .data               port.o
    0x20000060   0x080062c8   0x0000003c   Data   RW         5853    .data               tasks.o
    0x2000009c        -       0x000000b4   Zero   RW         3631    .bss                adc.o
    0x20000150        -       0x0000004c   Zero   RW         3809    .bss                freertos.o
    0x2000019c        -       0x000002c0   Zero   RW         4108    .bss                usbh_conf.o
    0x2000045c        -       0x00000040   Zero   RW         4386    .bss                stm32f7xx_hal_timebase_tim.o
    0x2000049c        -       0x00000960   Zero   RW         4451    .bss                modsysmon.o
    0x20000dfc        -       0x00000a08   Zero   RW         4548    .bss                modcalib.o
    0x20001804        -       0x00007800   Zero   RW         5380    .bss                heap_4.o
    0x20009004        -       0x000000f0   Zero   RW         5852    .bss                tasks.o
    0x200090f4   0x08006304   0x00000004   PAD
    0x200090f8        -       0x00000400   Zero   RW         3426    STACK               startup_stm32f746xx.o


==============================================================================

Image component sizes


      Code (inc. data)   RO Data    RW Data    ZI Data      Debug   Object Name

       468         80          0          4        180       2622   adc.o
       284          4          0          0          0      17538   cmsis_os.o
        52          4          0          0          0        754   dma.o
         0          0          0          0          0       8084   event_groups.o
       124         22         32         12         76      22099   freertos.o
       676         40          0          0          0       1399   gpio.o
       712         62          0         24      30720       7443   heap_4.o
       548          4         16          0          0       5019   libmetaldetector.o
       148          0          0          0          0       3614   list.o
       568         46          0          0          0      52304   main.o
      1004         84          0         16       2568       9043   modcalib.o
        66          0          0          0          0       3949   modconfig.o
       356         56          0         10       2400       7823   modsysmon.o
       536         76          0          0          0       7554   modusercon.o
       902         88          0         12          0      11941   port.o
       984          4          0          0          0       7167   queue.o
        36          8        456          0       1024        812   startup_stm32f746xx.o
        98         18          0          9          0       3342   stm32f7xx_hal.o
      1496         68          0          0          0       8024   stm32f7xx_hal_adc.o
       338         22          0          0          0      36601   stm32f7xx_hal_cortex.o
      1406         16          8          0          0       6459   stm32f7xx_hal_dma.o
       572         52          0          0          0       3752   stm32f7xx_hal_gpio.o
      3680          6          0          0          0       6684   stm32f7xx_hal_hcd.o
       148          6          0          0          0        906   stm32f7xx_hal_msp.o
       144          8          0          0          0       1288   stm32f7xx_hal_pwr_ex.o
      1892         70          0          0          0       5658   stm32f7xx_hal_rcc.o
      1760         18          0          0          0       2216   stm32f7xx_hal_rcc_ex.o
       772         44          0          0          0       6406   stm32f7xx_hal_tim.o
         4          0          0          0          0       1658   stm32f7xx_hal_tim_ex.o
       136         18          0          0         64       1516   stm32f7xx_hal_timebase_tim.o
        84         20          0          0          0       4792   stm32f7xx_it.o
       884         10          0          0          0       8939   stm32f7xx_ll_usb.o
       100         18         24          4          0     815087   system_stm32f7xx.o
      2836        362          0         60        240      24129   tasks.o
       208          0          0          0        704      16518   usbh_conf.o
       220          0          0          0          0       4965   usbh_core.o
        30          0          0          0          0       1064   usbh_pipes.o

    ----------------------------------------------------------------------
     24306       1334        568        156      37980    1129169   Object Totals
         0          0         32          0          0          0   (incl. Generated)
        34          0          0          5          4          0   (incl. Padding)

    ----------------------------------------------------------------------

      Code (inc. data)   RO Data    RW Data    ZI Data      Debug   Library Member Name

         0          0          0          0          0          0   entry.o
         0          0          0          0          0          0   entry10a.o
         0          0          0          0          0          0   entry11a.o
         8          4          0          0          0          0   entry2.o
         4          0          0          0          0          0   entry5.o
         0          0          0          0          0          0   entry7b.o
         0          0          0          0          0          0   entry8b.o
         8          4          0          0          0          0   entry9a.o
        30          0          0          0          0          0   handlers.o
        36          8          0          0          0         68   init.o
        30          0          0          0          0         68   llshl.o
        32          0          0          0          0         68   llushr.o
        36          0          0          0          0         68   memcpya.o
        36          0          0          0          0        108   memseta.o
        98          0          0          0          0         92   uldiv.o

    ----------------------------------------------------------------------
       318         16          0          0          0        472   Library Totals
         0          0          0          0          0          0   (incl. Padding)

    ----------------------------------------------------------------------

      Code (inc. data)   RO Data    RW Data    ZI Data      Debug   Library Name

       318         16          0          0          0        472   mc_w.l

    ----------------------------------------------------------------------
       318         16          0          0          0        472   Library Totals

    ----------------------------------------------------------------------

==============================================================================


      Code (inc. data)   RO Data    RW Data    ZI Data      Debug   

     24624       1350        568        156      37980    1108989   Grand Totals
     24624       1350        568        156      37980    1108989   ELF Image Totals
     24624       1350        568        156          0          0   ROM Totals

==============================================================================

    Total RO  Size (Code + RO Data)                25192 (  24.60kB)
    Total RW  Size (RW Data + ZI Data)             38136 (  37.24kB)
    Total ROM Size (Code + RO Data + RW Data)      25348 (  24.75kB)

==============================================================================

